[dotenv@17.2.3] injecting env (15) from .env -- tip: ⚙️  specify custom .env file path with { path: '/custom/path/.env' }
DB Config - Connection String exists: true
DB Config - Using Non-Pooling: true
(node:82812) Warning: SECURITY WARNING: The SSL modes 'prefer', 'require', and 'verify-ca' are treated as aliases for 'verify-full'.
In the next major version (pg-connection-string v3.0.0 and pg v9.0.0), these modes will adopt standard libpq semantics, which have weaker security guarantees.

To prepare for this change:
- If you want the current behavior, explicitly use 'sslmode=verify-full'
- If you want libpq compatibility now, use 'uselibpqcompat=true&sslmode=require'

See https://www.postgresql.org/docs/current/libpq-ssl.html for libpq SSL mode definitions.
(Use `node --trace-warnings ...` to show where the warning was created)
(node:82812) Warning: Setting the NODE_TLS_REJECT_UNAUTHORIZED environment variable to '0' makes TLS connections and HTTPS requests insecure by disabling certificate verification.
Resuming backfill from last DB date: 2026-02-04
Global backfill target range: 2026-02-04 to 2026-02-06...

=== Processing Date: 2026-02-04 ===
  [Agmark] Starting (Attempt 1)...
Starting fetch for 2026-02-04...
Processing Group: Beverages (4 items)
  Fetching Cocoa...
  Fetching Coffee...
    Saved 4 records for Coffee
  Fetching Green Tea...
  Fetching Tea...
Processing Group: Cereals (26 items)
  Fetching Bajra(Pearl Millet/Cumbu)...
    Saved 100 records for Bajra(Pearl Millet/Cumbu)
  Fetching Barley(Jau)...
    Saved 16 records for Barley(Jau)
  Fetching Barnyard Millet...
  Fetching Beaten Rice...
    Saved 1 records for Beaten Rice
  Fetching Browntop Millet...
  Fetching Chakhao(Black Rice)...
  Fetching Foxtail Millet(Navane)...
    Saved 1 records for Foxtail Millet(Navane)
  Fetching Hybrid Cumbu...
  Fetching Jaee...
  Fetching Jowar(Sorghum)...
    Saved 56 records for Jowar(Sorghum)
  Fetching Kodo Millet(Varagu)...
    Saved 5 records for Kodo Millet(Varagu)
  Fetching Kutki...
    Saved 5 records for Kutki
  Fetching Little Millet ...
  Fetching Maize...
    Saved 100 records for Maize
  Fetching Paddy(Basmati)...
    Saved 13 records for Paddy(Basmati)
  Fetching Paddy(Common)...
    Saved 100 records for Paddy(Common)
  Fetching Proso Millet...
  Fetching Ragi(Finger Millet)...
    Saved 9 records for Ragi(Finger Millet)
  Fetching Rala...
  Fetching Rice...
    Saved 100 records for Rice
  Fetching Sajje...
  Fetching Same/Savi...
  Fetching Soji...
  Fetching Sweet Corn ...
    Saved 1 records for Sweet Corn 
  Fetching T.V. Cumbu...
  Fetching Wheat...
    Saved 100 records for Wheat
Processing Group: Drug and Narcotics (37 items)
  Fetching Arecanut(Betelnut/Supari)...
    Saved 61 records for Arecanut(Betelnut/Supari)
  Fetching Asalia...
    Saved 3 records for Asalia
  Fetching Ashoka...
  Fetching Ashwagandha...
    Saved 1 records for Ashwagandha
  Fetching Asparagus...
    Saved 1 records for Asparagus
  Fetching Atis...
  Fetching Betal Leaves...
    Saved 19 records for Betal Leaves
  Fetching Chandrashoor...
  Fetching Coleus...
  Fetching Isabgul(Psyllium)...
    Saved 14 records for Isabgul(Psyllium)
  Fetching Isbgol...
  Fetching Lemongrass...
  Fetching Mahua...
    Saved 3 records for Mahua
  Fetching Mentha Oil...
  Fetching Muesli...
  Fetching Muleti...
  Fetching Myrobolan(Harad)...
  Fetching Neem Fruits...
  Fetching Palash flowers...
  Fetching Poppy capsules...
  Fetching Pupadia...
  Fetching Swan Plant (Green Herb)...
  Fetching Tobacco...
  Fetching Vatsanabha...
  Fetching White Muesli...
  Fetching basil...
    Saved 2 records for basil
  Fetching dhawai flowers...
  Fetching karanja seeds...
  Fetching kutki...
  Fetching liquor turmeric...
  Fetching macoy...
  Fetching nigella seeds...
    Saved 1 records for nigella seeds
  Fetching pippali...
  Fetching sanay...
  Fetching stevia...
    Saved 1 records for stevia
  Fetching stone pulverizer...
  Fetching vadang...
Processing Group: Dry Fruits (8 items)
  Fetching Almond(Badam)...
    Saved 1 records for Almond(Badam)
  Fetching Cashewnuts...
    Saved 2 records for Cashewnuts
  Fetching Dates...
    Saved 1 records for Dates
  Fetching Dry Grapes...
  Fetching Fig (Dry)...
  Fetching Pine Nut(Chilgoza /Niyoza)...
  Fetching Pista(Pistachio)...
  Fetching Walnut...
Processing Group: Fibre Crops (5 items)
  Fetching Ambady/Mesta...
  Fetching Cotton...
    Saved 100 records for Cotton
  Fetching Jute...
    Saved 10 records for Jute
  Fetching Lint...
  Fetching Sunhemp...
    Saved 1 records for Sunhemp
Processing Group: Flowers (58 items)
  Fetching Anthorium...
    Saved 1 records for Anthorium
  Fetching Astera...
    Saved 1 records for Astera
  Fetching BOP...
    Saved 1 records for BOP
  Fetching Calendula...
  Fetching Carnation...
    Saved 1 records for Carnation
  Fetching Chrysanthemum...
    Saved 1 records for Chrysanthemum
  Fetching Chrysanthemum(Loose)...
    Saved 2 records for Chrysanthemum(Loose)
  Fetching Clarkia...
  Fetching Cossandra...
  Fetching Daila(Chandni)...
  Fetching Delha...
    Saved 1 records for Delha
  Fetching Gamphrena...
  Fetching Gerbera...
  Fetching Gladiolus Bulb...
  Fetching Gladiolus Cut Flower...
  Fetching Glardia...
  Fetching Heliconia species...
  Fetching Irish...
  Fetching Jaffri...
    Saved 1 records for Jaffri
  Fetching Jarbara...
  Fetching Jasmine...
    Saved 4 records for Jasmine
  Fetching Kagda...
  Fetching Kakada...
    Saved 4 records for Kakada
  Fetching Kankambra...
  Fetching Kevda...
  Fetching Lilly...
    Saved 1 records for Lilly
  Fetching Limonia(status)...
  Fetching Lotus...
  Fetching Lupine...
  Fetching Marget...
    Saved 1 records for Marget
  Fetching Marigold(Calcutta)...
    Saved 26 records for Marigold(Calcutta)
  Fetching Marigold(loose)...
    Saved 2 records for Marigold(loose)
  Fetching Marikozhunthu...
  Fetching Nerium...
  Fetching Orchid...
    Saved 1 records for Orchid
  Fetching Patti Calcutta...
    Saved 1 records for Patti Calcutta
  Fetching Pincushion Flower...
  Fetching Raibel...
  Fetching Rose(Local)...
    Saved 24 records for Rose(Local)
  Fetching Rose(Loose))...
    Saved 3 records for Rose(Loose))
  Fetching Rose(Tata)...
  Fetching Swanflower...
  Fetching Sweet Sultan...
  Fetching Tube Flower...
    Saved 4 records for Tube Flower
  Fetching Tube Rose(Double)...
    Saved 1 records for Tube Rose(Double)
  Fetching Tube Rose(Loose)...
    Saved 9 records for Tube Rose(Loose)
  Fetching Tube Rose(Single)...
    Saved 1 records for Tube Rose(Single)
  Fetching balsam...
  Fetching cineraria...
  Fetching dianthus...
  Fetching golden rod...
  Fetching gypsophila...
  Fetching hydrangea...
  Fetching kakatan...
  Fetching salvia...
  Fetching sevanti...
  Fetching sweet william...
  Fetching tulip...
    Saved 1 records for tulip
Processing Group: Forest Products (39 items)
  Fetching Absinthe...
    Saved 1 records for Absinthe
  Fetching Ambada Seed...
  Fetching Antawala...
  Fetching Bamboo...
  Fetching Bay leaf(Tejpatta)...
  Fetching Behada...
    Saved 1 records for Behada
  Fetching Bhui Amlaya...
  Fetching Brahmi...
  Fetching Broomstick(Flower Broom)...
  Fetching Cane...
  Fetching Chironji...
  Fetching Firewood...
  Fetching Flower Broom...
  Fetching Giloy...
    Saved 1 records for Giloy
  Fetching Gond...
  Fetching Gudmar...
  Fetching Guggal...
  Fetching Harrah...
  Fetching Hippe Seed...
  Fetching Jute Seed...
  Fetching Kalihari...
  Fetching Kalmegh...
  Fetching Kooth...
  Fetching Mahua Seed(Hippe seed)...
  Fetching Neem Seed...
    Saved 1 records for Neem Seed
  Fetching Pundi Seed...
    Saved 1 records for Pundi Seed
  Fetching Ratanjot...
  Fetching Resinwood...
  Fetching Salix-Pursi(Willow)...
  Fetching Sandalwood...
  Fetching Soapnut(Antawala/Retha)...
  Fetching Tamarind Fruit...
    Saved 23 records for Tamarind Fruit
  Fetching Tamarind Seed...
  Fetching Torchwood...
  Fetching Wax...
  Fetching Wood...
    Saved 2 records for Wood
  Fetching gulli...
  Fetching kokum...
  Fetching spikenard...
Processing Group: Fruits (64 items)
  Fetching Amla(Nelli Kai)...
    Saved 91 records for Amla(Nelli Kai)
  Fetching Apple...
    Saved 100 records for Apple
  Fetching Apricot(Jardalu/Khumani)...
  Fetching Avocado...
  Fetching Bael...
  Fetching Banana...
    Saved 100 records for Banana
  Fetching Ber(Zizyphus/Borehannu)...
    Saved 26 records for Ber(Zizyphus/Borehannu)
  Fetching Bilimbi...
  Fetching Black Currant...
  Fetching Blueberry...
  Fetching Borehannu...
  Fetching Bread Fruit...
  Fetching Carissa(Karvand)...
  Fetching Chakotha...
    Saved 1 records for Chakotha
  Fetching Cherry...
  Fetching Chikoos(Sapota)...
    Saved 100 records for Chikoos(Sapota)
  Fetching Custard Apple(Sharifa)...
    Saved 14 records for Custard Apple(Sharifa)
  Fetching Dragon fruit...
  Fetching Garcinia...
  Fetching Goose berry(Nellikkai)...
  Fetching Grapes...
    Saved 100 records for Grapes
  Fetching Grey Fruit...
  Fetching Guava...
    Saved 100 records for Guava
  Fetching Hog Plum...
  Fetching Indian Sherbet Berry(Phalsa)...
  Fetching Jack Fruit...
    Saved 5 records for Jack Fruit
  Fetching Jamun(Narale Hannu)...
  Fetching Karbuja(Musk Melon)...
    Saved 29 records for Karbuja(Musk Melon)
  Fetching Khirni...
  Fetching Kinnow...
    Saved 89 records for Kinnow
  Fetching Kiwi Fruit...
    Saved 1 records for Kiwi Fruit
  Fetching Lime...
    Saved 72 records for Lime
  Fetching Litchi...
  Fetching Lukad...
  Fetching Mango...
    Saved 9 records for Mango
  Fetching Mangosteen...
  Fetching Marasebu...
  Fetching Mousambi(Sweet Lime)...
    Saved 89 records for Mousambi(Sweet Lime)
  Fetching Mulberry...
  Fetching Nearle Hannu...
  Fetching Nelli Kai...
  Fetching Orange...
    Saved 78 records for Orange
  Fetching Papaya...
    Saved 100 records for Papaya
  Fetching Passion Fruit...
  Fetching Peach...
  Fetching Pear(Marasebu)...
    Saved 3 records for Pear(Marasebu)
  Fetching Persimon(Japani Fal)...
  Fetching Pineapple...
    Saved 72 records for Pineapple
  Fetching Plum...
  Fetching Pomegranate...
    Saved 100 records for Pomegranate
  Fetching Quince(Nakh)...
  Fetching Rambutan...
  Fetching Ramphal...
  Fetching Seetapal...
    Saved 2 records for Seetapal
  Fetching Siddota...
  Fetching Soursop...
  Fetching Star Fruit(Kamraikh)...
  Fetching Strawberry...
  Fetching Tender Coconut...
    Saved 80 records for Tender Coconut
  Fetching Water Apple...
  Fetching Water Melon...
    Saved 62 records for Water Melon
  Fetching Wild Melon...
  Fetching Wild lemon...
  Fetching Wood Apple...
Processing Group: Live Stock,Poultry,Fisheries (21 items)
  Fetching Bull...
  Fetching Calf...
  Fetching Cock...
    Saved 2 records for Cock
  Fetching Cow...
    Saved 1 records for Cow
  Fetching Crab...
  Fetching Dry Fish...
  Fetching Duck...
  Fetching Egg...
    Saved 1 records for Egg
  Fetching Fish...
    Saved 28 records for Fish
  Fetching Goat...
    Saved 1 records for Goat
  Fetching He Buffalo...
  Fetching Hen...
    Saved 1 records for Hen
  Fetching Ox...
  Fetching Pigs...
  Fetching Prawn...
  Fetching Ram...
  Fetching She Buffalo...
    Saved 1 records for She Buffalo
  Fetching She Goat...
  Fetching Sheep...
  Fetching Shrimp...
  Fetching Silk Cocoon...
Processing Group: Oil Seeds (24 items)
  Fetching Castor Seed...
    Saved 50 records for Castor Seed
  Fetching Coconut Seed...
    Saved 6 records for Coconut Seed
  Fetching Copra...
    Saved 15 records for Copra
  Fetching Cotton Seed...
    Saved 2 records for Cotton Seed
  Fetching Ground Nut Seed...
    Saved 10 records for Ground Nut Seed
  Fetching Groundnut...
    Saved 100 records for Groundnut
  Fetching Groundnut(Split)...
    Saved 3 records for Groundnut(Split)
  Fetching Gurellu...
  Fetching Honge seed...
  Fetching Kuchur - Kusum Seed...
  Fetching Laha...
  Fetching Linseed...
    Saved 10 records for Linseed
  Fetching Mustard...
    Saved 100 records for Mustard
  Fetching Niger Seed(Ramtil)...
  Fetching Safflower...
    Saved 2 records for Safflower
  Fetching Sal Seeds...
  Fetching Sesamum(Sesame,Gingelly,Til)...
    Saved 47 records for Sesamum(Sesame,Gingelly,Til)
  Fetching Soha...
  Fetching Soyabean...
    Saved 100 records for Soyabean
  Fetching Sunflower...
    Saved 3 records for Sunflower
  Fetching Sunflower Seed...
    Saved 1 records for Sunflower Seed
  Fetching Suva(Dill Seed)...
    Saved 6 records for Suva(Dill Seed)
  Fetching Taramira...
    Saved 5 records for Taramira
  Fetching Toria...
    Saved 1 records for Toria
Processing Group: Oils and Fats (8 items)
  Fetching Butter...
  Fetching Castor Oil...
  Fetching Coconut Oil...
    Saved 5 records for Coconut Oil
  Fetching Dalda...
  Fetching Ghee...
    Saved 2 records for Ghee
  Fetching Gingelly Oil...
  Fetching Ground Nut Oil...
  Fetching Mustard Oil...
    Saved 7 records for Mustard Oil
Processing Group: Pulses (38 items)
  Fetching Alasande Gram...
    Saved 1 records for Alasande Gram
  Fetching Arhar Dal(Tur Dal)...
    Saved 14 records for Arhar Dal(Tur Dal)
  Fetching Arhar(Tur/Red Gram)(Whole)...
    Saved 100 records for Arhar(Tur/Red Gram)(Whole)
  Fetching Avare Dal...
    Saved 2 records for Avare Dal
  Fetching Beans...
    Saved 100 records for Beans
  Fetching Bengal Gram Dal(Chana Dal)...
    Saved 6 records for Bengal Gram Dal(Chana Dal)
  Fetching Bengal Gram(Gram)(Whole)...
    Saved 100 records for Bengal Gram(Gram)(Whole)
  Fetching Big Gram...
    Saved 1 records for Big Gram
  Fetching Black Gram Dal(Urd Dal)...
    Saved 9 records for Black Gram Dal(Urd Dal)
  Fetching Black Gram(Urd Beans)(Whole)...
    Saved 86 records for Black Gram(Urd Beans)(Whole)
  Fetching Bullar...
    Saved 1 records for Bullar
  Fetching Chennangi Dal...
  Fetching Chennangi(Whole)...
  Fetching Cowpea(Lobia/Karamani)...
    Saved 12 records for Cowpea(Lobia/Karamani)
  Fetching Dal(Avare)...
  Fetching Field Gram...
  Fetching Green Gram Dal(Moong Dal)...
    Saved 13 records for Green Gram Dal(Moong Dal)
  Fetching Green Gram(Moong)(Whole)...
    Saved 82 records for Green Gram(Moong)(Whole)
  Fetching Green Peas...
    Saved 100 records for Green Peas
  Fetching Guar Seed(Cluster Beans Seed)...
    Saved 34 records for Guar Seed(Cluster Beans Seed)
  Fetching Kabuli Chana(Chickpeas-White)...
    Saved 27 records for Kabuli Chana(Chickpeas-White)
  Fetching Karamani...
  Fetching Kidney Beans(Rajma)...
  Fetching Kulthi(Horse Gram)...
    Saved 13 records for Kulthi(Horse Gram)
  Fetching Lak(Teora)...
    Saved 11 records for Lak(Teora)
  Fetching Lentil(Masur)(Whole)...
    Saved 62 records for Lentil(Masur)(Whole)
  Fetching Masur Dal...
    Saved 14 records for Masur Dal
  Fetching Mataki...
    Saved 6 records for Mataki
  Fetching Moath Dal...
    Saved 7 records for Moath Dal
  Fetching Other Pulses...
  Fetching Peas(Dry)...
    Saved 3 records for Peas(Dry)
  Fetching Red Gram...
    Saved 10 records for Red Gram
  Fetching Rice Bean...
  Fetching Tevada...
  Fetching Thinai(Italian Millet)...
  Fetching White Peas...
    Saved 3 records for White Peas
  Fetching Wild Bean / Pod...
  Fetching buttery...
    Saved 16 records for buttery
Processing Group: Spices (31 items)
  Fetching Ajwan...
    Saved 7 records for Ajwan
  Fetching Asgand...
    Saved 3 records for Asgand
  Fetching Betelnuts...
  Fetching Black pepper...
    Saved 18 records for Black pepper
  Fetching Cardamoms...
    Saved 1 records for Cardamoms
  Fetching Chili Red...
    Saved 14 records for Chili Red
  Fetching Cinamon(Dalchini)...
    Saved 1 records for Cinamon(Dalchini)
  Fetching Cloves...
  Fetching Coca...
  Fetching Coconut...
    Saved 100 records for Coconut
  Fetching Corriander seed...
    Saved 35 records for Corriander seed
  Fetching Cummin Seed(Jeera)...
    Saved 36 records for Cummin Seed(Jeera)
  Fetching Dry Chillies...
    Saved 19 records for Dry Chillies
  Fetching Ginger Seed...
  Fetching Ginger(Dry)...
    Saved 9 records for Ginger(Dry)
  Fetching Kacholam...
  Fetching Large Cardamom...
  Fetching Mace...
  Fetching Methi Seeds...
    Saved 26 records for Methi Seeds
  Fetching Muskmelon Seeds...
  Fetching Nutmeg...
  Fetching Pepper garbled...
    Saved 1 records for Pepper garbled
  Fetching Pepper ungarbled...
    Saved 1 records for Pepper ungarbled
  Fetching Rayee...
  Fetching Saffron...
  Fetching Soanf...
    Saved 10 records for Soanf
  Fetching Turmeric...
    Saved 18 records for Turmeric
  Fetching dried mango...
  Fetching mango powder...
  Fetching nigella...
    Saved 1 records for nigella
  Fetching poppy seeds...
    Saved 1 records for poppy seeds
Processing Group: Vegetables (128 items)
  Fetching Aloe Vera...
  Fetching Alsandikai...
    Saved 3 records for Alsandikai
  Fetching Amaranthus...
    Saved 100 records for Amaranthus
  Fetching Ambat Chuka...
  Fetching Amranthas Red...
    Saved 4 records for Amranthas Red
  Fetching Arrowroot...
  Fetching Ashgourd...
    Saved 100 records for Ashgourd
  Fetching Baby Corn...
  Fetching Bajji chilli...
  Fetching Balekai...
  Fetching Bamboo Shoot...
  Fetching Banana - Green...
    Saved 100 records for Banana - Green
  Fetching Banana Leaf...
  Fetching Banana flower...
  Fetching Banana stem...
  Fetching Beetroot...
    Saved 100 records for Beetroot
  Fetching Bhindi(Ladies Finger)...
    Saved 100 records for Bhindi(Ladies Finger)
  Fetching Binoula...
  Fetching Bitter gourd...
    Saved 100 records for Bitter gourd
  Fetching Bottle gourd...
    Saved 100 records for Bottle gourd
  Fetching Brinjal...
    Saved 100 records for Brinjal
  Fetching Brocoli...
  Fetching Cabbage...
    Saved 100 records for Cabbage
  Fetching Capsicum...
    Saved 100 records for Capsicum
  Fetching Carrot...
    Saved 100 records for Carrot
  Fetching Cauliflower...
    Saved 100 records for Cauliflower
  Fetching Chapparad Avare...
    Saved 4 records for Chapparad Avare
  Fetching Chhappan Kaddu...
  Fetching Chilly Capsicum...
    Saved 21 records for Chilly Capsicum
  Fetching Chow Chow...
    Saved 100 records for Chow Chow
  Fetching Cluster beans...
    Saved 100 records for Cluster beans
  Fetching Colacasia...
    Saved 100 records for Colacasia
  Fetching Coriander(Leaves)...
    Saved 100 records for Coriander(Leaves)
  Fetching Cowpea(Veg)...
    Saved 100 records for Cowpea(Veg)
  Fetching Cucumbar(Kheera)...
    Saved 100 records for Cucumbar(Kheera)
  Fetching Curry Leaf...
  Fetching Double Beans...
  Fetching Drumstick...
    Saved 100 records for Drumstick
  Fetching Duster Beans...
    Saved 2 records for Duster Beans
  Fetching Elephant Yam(Suran)/Amorphophallus...
    Saved 100 records for Elephant Yam(Suran)/Amorphophallus
  Fetching Field Bean(Anumulu)...
  Fetching Field Pea...
    Saved 21 records for Field Pea
  Fetching French Beans(Frasbean)...
    Saved 63 records for French Beans(Frasbean)
  Fetching Galgal(Lemon)...
    Saved 1 records for Galgal(Lemon)
  Fetching Garlic...
    Saved 100 records for Garlic
  Fetching Gherkin...
  Fetching Ghost Pepper(King Chilli)...
  Fetching Ginger(Green)...
    Saved 100 records for Ginger(Green)
  Fetching Goosefoot...
  Fetching Gram Raw(Chholia)...
    Saved 2 records for Gram Raw(Chholia)
  Fetching Green Avare(W)...
    Saved 100 records for Green Avare(W)
  Fetching Green Chilli...
    Saved 100 records for Green Chilli
  Fetching Groundnut pods(raw)...
    Saved 1 records for Groundnut pods(raw)
  Fetching Guar...
    Saved 46 records for Guar
  Fetching Indian Beans(Seam)...
    Saved 91 records for Indian Beans(Seam)
  Fetching Indian Colza(Sarson)...
    Saved 5 records for Indian Colza(Sarson)
  Fetching Jackfruit Seed...
  Fetching Jamamkhan...
  Fetching Kartali(Kantola)...
  Fetching Knool Khol...
    Saved 100 records for Knool Khol
  Fetching Ladies Finger...
    Saved 13 records for Ladies Finger
  Fetching Leafy Vegetable...
    Saved 10 records for Leafy Vegetable
  Fetching Leek...
  Fetching Lemon...
    Saved 100 records for Lemon
  Fetching Lesser Yam...
  Fetching Little gourd(Kundru)...
    Saved 36 records for Little gourd(Kundru)
  Fetching Long Melon(Kakri)...
    Saved 8 records for Long Melon(Kakri)
  Fetching Lotus Sticks...
    Saved 1 records for Lotus Sticks
  Fetching Mango(Raw-Ripe)...
    Saved 100 records for Mango(Raw-Ripe)
  Fetching Mashrooms...
    Saved 56 records for Mashrooms
  Fetching Meal Maker (Soya Chunks)...
  Fetching Methi(Leaves)...
    Saved 66 records for Methi(Leaves)
  Fetching Mint(Pudina)...
    Saved 100 records for Mint(Pudina)
  Fetching Onion...
    Saved 100 records for Onion
  Fetching Onion Green...
    Saved 100 records for Onion Green
  Fetching Other green and fresh vegetables...
  Fetching Papaya(Raw)...
    Saved 14 records for Papaya(Raw)
  Fetching Peas Wet...
    Saved 100 records for Peas Wet
  Fetching Peas cod...
    Saved 23 records for Peas cod
  Fetching Pegeon Pea(Arhar Fali)...
    Saved 5 records for Pegeon Pea(Arhar Fali)
  Fetching Perandai...
  Fetching Phuee(Leafy Veg)...
  Fetching Pointed gourd(Parval)...
    Saved 11 records for Pointed gourd(Parval)
  Fetching Pokcha Leafy Veg...
  Fetching Potato...
    Saved 100 records for Potato
  Fetching Pumpkin...
    Saved 100 records for Pumpkin
  Fetching Purslane...
  Fetching Raddish...
    Saved 100 records for Raddish
  Fetching Rat Tail Radish(Mogari)...
    Saved 2 records for Rat Tail Radish(Mogari)
  Fetching Red Cabbage...
  Fetching Red Gourd...
  Fetching Ribbed Celery...
  Fetching Ridge Gourd(Permal/Hybrid Gourd)...
  Fetching Ridgeguard(Tori)...
    Saved 100 records for Ridgeguard(Tori)
  Fetching Round Chilli...
  Fetching Round gourd...
    Saved 1 records for Round gourd
  Fetching Season Leaves...
    Saved 4 records for Season Leaves
  Fetching Seemebadnekai...
    Saved 5 records for Seemebadnekai
  Fetching Sem...
    Saved 1 records for Sem
  Fetching Siru Kizhagu...
  Fetching Snakeguard...
    Saved 100 records for Snakeguard
  Fetching Snow Mountain Garlic...
  Fetching Spinach...
    Saved 98 records for Spinach
  Fetching Sponge gourd...
    Saved 8 records for Sponge gourd
  Fetching Squash(Chappal Kadoo)...
    Saved 13 records for Squash(Chappal Kadoo)
  Fetching Sugar Snap Peas...
  Fetching Sundaikai...
  Fetching Surat Beans(Papadi)...
    Saved 2 records for Surat Beans(Papadi)
  Fetching Suvarna Gadde...
    Saved 3 records for Suvarna Gadde
  Fetching Swan Phali(Flat Bean)...
  Fetching Sweet Potato...
    Saved 100 records for Sweet Potato
  Fetching Sweet Pumpkin...
    Saved 29 records for Sweet Pumpkin
  Fetching Sweet Saag...
    Saved 1 records for Sweet Saag
  Fetching Tapioca...
    Saved 100 records for Tapioca
  Fetching Taro (Arvi) Leaves...
  Fetching Taro (Arvi) Stem...
    Saved 1 records for Taro (Arvi) Stem
  Fetching Thogrikai...
    Saved 1 records for Thogrikai
  Fetching Thondekai...
    Saved 100 records for Thondekai
  Fetching Tinda...
    Saved 16 records for Tinda
  Fetching Tomato...
    Saved 100 records for Tomato
  Fetching Turmeric(raw)...
    Saved 3 records for Turmeric(raw)
  Fetching Turnip...
    Saved 47 records for Turnip
  Fetching White Pumpkin...
    Saved 2 records for White Pumpkin
  Fetching Wild Cucumber...
  Fetching Wild Garlic / Shoots...
  Fetching Wild Spinach...
  Fetching Yam Bean / Mexican Turnip(Bankla)...
  Fetching Yam(Ratalu)...
    Saved 99 records for Yam(Ratalu)
Processing Group: Others (52 items)
  Fetching Ajwain Husk...
  Fetching Bran...
  Fetching Broken Rice...
  Fetching Bunch Beans...
    Saved 4 records for Bunch Beans
  Fetching Camel Hair...
  Fetching Cashew Kernnel...
  Fetching Coconut Coir...
  Fetching Dhaincha...
    Saved 3 records for Dhaincha
  Fetching Dry Fodder...
    Saved 1 records for Dry Fodder
  Fetching Egypian Clover(Barseem)...
  Fetching Fig(Anjura/Anjeer)...
    Saved 3 records for Fig(Anjura/Anjeer)
  Fetching Flax seeds...
  Fetching Goat Hair...
  Fetching Gramflour...
  Fetching Green Fodder...
    Saved 1 records for Green Fodder
  Fetching Gur(Jaggery)...
    Saved 25 records for Gur(Jaggery)
  Fetching Haralekai...
  Fetching Hilsa...
  Fetching Honey...
  Fetching Jaggery...
    Saved 12 records for Jaggery
  Fetching Javi...
  Fetching Kharif Mash...
  Fetching Khoya...
  Fetching Kuchur...
  Fetching Ma.Inji...
  Fetching Mahedi...
    Saved 2 records for Mahedi
  Fetching Maida Atta...
    Saved 1 records for Maida Atta
  Fetching Maragensu...
  Fetching Mash...
  Fetching Millets...
    Saved 2 records for Millets
  Fetching Nargasi...
  Fetching Polherb...
  Fetching Pundi...
  Fetching Rajgir...
    Saved 6 records for Rajgir
  Fetching Raw Biomass(Agro Residue)...
  Fetching Raya...
  Fetching Riccbcan...
  Fetching Rubber...
    Saved 5 records for Rubber
  Fetching Sabu Dan...
    Saved 1 records for Sabu Dan
  Fetching Sarasum...
  Fetching Seegu...
  Fetching Skin And Hide...
  Fetching Sompu...
  Fetching Sugar...
    Saved 3 records for Sugar
  Fetching Sugarcane...
  Fetching Suram...
  Fetching Tulasi...
  Fetching Water Plant(Kaseru)...
  Fetching Water chestnut...
    Saved 1 records for Water chestnut
  Fetching Wheat Atta...
    Saved 1 records for Wheat Atta
  Fetching Wool...
  Fetching Yam...
Finished fetch for 2026-02-04
  [eNAM] Starting...
Fetching eNAM data for 2026-02-04...
Fetched 2377 records from eNAM.
Saving raw eNAM data to database...
Finished saving eNAM data for 2026-02-04.
  [Normalization] Starting...
[Normalizer] Starting Incremental Processing for 2026-02-04...
[Normalizer] Processing 11309 fresh records (8932 Agmark, 2377 eNAM)
[uuiq_helper] Generating new UUID for: JAGGERY BLACK
[uuiq_helper] Saved new commodity JAGGERY BLACK as VAAR744
[uuiq_helper] Generating new UUID for: JAGGERY BROWN
[uuiq_helper] Saved new commodity JAGGERY BROWN as VAAR745
[uuiq_helper] Generating new UUID for: JAGGERY GOLD
[uuiq_helper] Saved new commodity JAGGERY GOLD as VAAR746
[uuiq_helper] Generating new UUID for: JAGGERY SPECIAL
[uuiq_helper] Saved new commodity JAGGERY SPECIAL as VAAR747
[uuiq_helper] Generating new UUID for: TURMERIC BULB
[uuiq_helper] Saved new commodity TURMERIC BULB as VAAR748
[uuiq_helper] Generating new UUID for: TURMERIC FINGER
[uuiq_helper] Saved new commodity TURMERIC FINGER as VAAR749
[uuiq_helper] Generating new UUID for: PADDY-IR.64
[uuiq_helper] Saved new commodity PADDY-IR.64 as VAAR750
[uuiq_helper] Generating new UUID for: PADDY-HMT
[uuiq_helper] Saved new commodity PADDY-HMT as VAAR751
[uuiq_helper] Generating new UUID for: PADDY-JAI SRIRAM
[uuiq_helper] Saved new commodity PADDY-JAI SRIRAM as VAAR752
[uuiq_helper] Generating new UUID for: PADDY-VISHNUBHOG
[uuiq_helper] Saved new commodity PADDY-VISHNUBHOG as VAAR753
[uuiq_helper] Generating new UUID for: TAMARIND-FRUIT
[uuiq_helper] Saved new commodity TAMARIND-FRUIT as VAAR754
[uuiq_helper] Generating new UUID for: PADDY-MAHAMAYA
[uuiq_helper] Saved new commodity PADDY-MAHAMAYA as VAAR755
[uuiq_helper] Generating new UUID for: PADDY-MTU 1010
[uuiq_helper] Saved new commodity PADDY-MTU 1010 as VAAR756
[uuiq_helper] Generating new UUID for: PADDY-DEV BHOG
[uuiq_helper] Saved new commodity PADDY-DEV BHOG as VAAR757
[uuiq_helper] Generating new UUID for: PADDY-SWARNAMASOORI
[uuiq_helper] Saved new commodity PADDY-SWARNAMASOORI as VAAR758
[uuiq_helper] Generating new UUID for: GUAR SEEDS
[uuiq_helper] Saved new commodity GUAR SEEDS as VAAR759
[uuiq_helper] Generating new UUID for: JOWAR
[uuiq_helper] Saved new commodity JOWAR as VAAR760
[uuiq_helper] Generating new UUID for: COTTON-LOOSE
[uuiq_helper] Saved new commodity COTTON-LOOSE as VAAR761
[uuiq_helper] Generating new UUID for: MAIZE WHITE
[uuiq_helper] Saved new commodity MAIZE WHITE as VAAR762
[uuiq_helper] Generating new UUID for: PADDY-PR
[uuiq_helper] Saved new commodity PADDY-PR as VAAR763
[uuiq_helper] Generating new UUID for: POINTED GOURD (PARWAL)
[uuiq_helper] Saved new commodity POINTED GOURD (PARWAL) as VAAR764
[uuiq_helper] Generating new UUID for: CUMMIN
[uuiq_helper] Saved new commodity CUMMIN as VAAR765
[uuiq_helper] Generating new UUID for: MUSTARD SEED
[uuiq_helper] Saved new commodity MUSTARD SEED as VAAR766
[uuiq_helper] Generating new UUID for: GROUND NUT-PODS
[uuiq_helper] Saved new commodity GROUND NUT-PODS as VAAR767
[uuiq_helper] Generating new UUID for: SQUASH
[uuiq_helper] Saved new commodity SQUASH as VAAR768
[uuiq_helper] Generating new UUID for: PADDY-BASMATI 
[uuiq_helper] Saved new commodity PADDY-BASMATI  as VAAR769
[uuiq_helper] Generating new UUID for: BANANA WHITE CHAKRAKELI 
[uuiq_helper] Saved new commodity BANANA WHITE CHAKRAKELI  as VAAR770
[uuiq_helper] Generating new UUID for: APPLE -RICH RED LARGE
[uuiq_helper] Saved new commodity APPLE -RICH RED LARGE as VAAR771
[uuiq_helper] Generating new UUID for: PADDY-DUPLICATE BASMATI
[uuiq_helper] Saved new commodity PADDY-DUPLICATE BASMATI as VAAR772
[uuiq_helper] Generating new UUID for: BANANA NENDRAN
[uuiq_helper] Saved new commodity BANANA NENDRAN as VAAR773
[uuiq_helper] Generating new UUID for: MAIZE-NEW
[uuiq_helper] Saved new commodity MAIZE-NEW as VAAR774
[uuiq_helper] Generating new UUID for: CHANA GULABI
[uuiq_helper] Saved new commodity CHANA GULABI as VAAR775
[uuiq_helper] Generating new UUID for: BAJRA-HYBRID
[uuiq_helper] Saved new commodity BAJRA-HYBRID as VAAR776
[uuiq_helper] Generating new UUID for: COTTON-RAW
[uuiq_helper] Saved new commodity COTTON-RAW as VAAR777
[uuiq_helper] Generating new UUID for: TENDER COCONUT (IN NO)
[uuiq_helper] Saved new commodity TENDER COCONUT (IN NO) as VAAR778
[uuiq_helper] Generating new UUID for: COTTON-BUNNY/BRAHAMMA
[uuiq_helper] Saved new commodity COTTON-BUNNY/BRAHAMMA as VAAR779
[uuiq_helper] Generating new UUID for: GROUNDNUT PODS_40 KG(TN)
[uuiq_helper] Saved new commodity GROUNDNUT PODS_40 KG(TN) as VAAR780
[uuiq_helper] Generating new UUID for: PADDY(75 KG)
[uuiq_helper] Saved new commodity PADDY(75 KG) as VAAR781
[uuiq_helper] Generating new UUID for: ISBGOL (PSYLLIUM HUSK) 
[uuiq_helper] Saved new commodity ISBGOL (PSYLLIUM HUSK)  as VAAR782
[uuiq_helper] Generating new UUID for: BAJRA-LOCAL
[uuiq_helper] Saved new commodity BAJRA-LOCAL as VAAR783
[uuiq_helper] Generating new UUID for: GROUNDNUT KERNEL_80 KG(TN)
[uuiq_helper] Saved new commodity GROUNDNUT KERNEL_80 KG(TN) as VAAR784
[uuiq_helper] Generating new UUID for: COCONUT COIR_MATTRESS COIR
[uuiq_helper] Saved new commodity COCONUT COIR_MATTRESS COIR as VAAR785
[uuiq_helper] Generating new UUID for: COCONUT COIR_BRISTLE COIR FIBR
[uuiq_helper] Saved new commodity COCONUT COIR_BRISTLE COIR FIBR as VAAR786
[uuiq_helper] Generating new UUID for: COPRA_80 KG(TN)
[uuiq_helper] Saved new commodity COPRA_80 KG(TN) as VAAR787
[uuiq_helper] Generating new UUID for: KODO MILLET
[uuiq_helper] Saved new commodity KODO MILLET as VAAR788
[uuiq_helper] Generating new UUID for: RAGI
[uuiq_helper] Saved new commodity RAGI as VAAR789
[uuiq_helper] Generating new UUID for: COCONUT COIR_RETTED/WHITE FIBR
[uuiq_helper] Saved new commodity COCONUT COIR_RETTED/WHITE FIBR as VAAR790
[uuiq_helper] Generating new UUID for: PADDY -BPT(TN)
[uuiq_helper] Saved new commodity PADDY -BPT(TN) as VAAR791
[uuiq_helper] Generating new UUID for: MAIZE-OLD
[uuiq_helper] Saved new commodity MAIZE-OLD as VAAR792
[uuiq_helper] Generating new UUID for: COCONUT WITH HUSK
[uuiq_helper] Saved new commodity COCONUT WITH HUSK as VAAR793
[uuiq_helper] Generating new UUID for: TAMARIND
[uuiq_helper] Saved new commodity TAMARIND as VAAR794
[uuiq_helper] Generating new UUID for: RAGI-LOCAL
[uuiq_helper] Saved new commodity RAGI-LOCAL as VAAR795
[uuiq_helper] Generating new UUID for: MILLET
[uuiq_helper] Saved new commodity MILLET as VAAR796
[uuiq_helper] Generating new UUID for: BAJRA-YELLOW
[uuiq_helper] Saved new commodity BAJRA-YELLOW as VAAR797
[uuiq_helper] Generating new UUID for: PADDY-BPT
[uuiq_helper] Saved new commodity PADDY-BPT as VAAR798
[uuiq_helper] Generating new UUID for: COTTON-LRA
[uuiq_helper] Saved new commodity COTTON-LRA as VAAR799
[uuiq_helper] Generating new UUID for: COTTON-BAGS
[uuiq_helper] Saved new commodity COTTON-BAGS as VAAR800
[uuiq_helper] Generating new UUID for: PADDY-R.N.R
[uuiq_helper] Saved new commodity PADDY-R.N.R as VAAR801
[uuiq_helper] Generating new UUID for: TURMERIC CHURA
[uuiq_helper] Saved new commodity TURMERIC CHURA as VAAR802
[uuiq_helper] Generating new UUID for: MAIZE HYBRID
[uuiq_helper] Saved new commodity MAIZE HYBRID as VAAR803
[uuiq_helper] Generating new UUID for: TURMERIC BULB OLD
[uuiq_helper] Saved new commodity TURMERIC BULB OLD as VAAR804
[uuiq_helper] Generating new UUID for: TURMERIC FINGURE OLD
[uuiq_helper] Saved new commodity TURMERIC FINGURE OLD as VAAR805
[uuiq_helper] Generating new UUID for: JOWAR-YELLOW
[uuiq_helper] Saved new commodity JOWAR-YELLOW as VAAR806
[uuiq_helper] Generating new UUID for: MAIZE BILT
[uuiq_helper] Saved new commodity MAIZE BILT as VAAR807
[uuiq_helper] Generating new UUID for: SOYA-LOCAL
[uuiq_helper] Saved new commodity SOYA-LOCAL as VAAR808
[uuiq_helper] Generating new UUID for: RED GRAM-GAJRA
[uuiq_helper] Saved new commodity RED GRAM-GAJRA as VAAR809
[uuiq_helper] Generating new UUID for: PADDY-SHARBATHI
[uuiq_helper] Saved new commodity PADDY-SHARBATHI as VAAR810
[uuiq_helper] Generating new UUID for: PADDY-GRADE 1
[uuiq_helper] Saved new commodity PADDY-GRADE 1 as VAAR811
[uuiq_helper] Generating new UUID for: WHEAT-BHANSI
[uuiq_helper] Saved new commodity WHEAT-BHANSI as VAAR812
[uuiq_helper] Generating new UUID for: PADDY-GRADE A
[uuiq_helper] Saved new commodity PADDY-GRADE A as VAAR813
[uuiq_helper] Generating new UUID for: APPLE-RED GOLDEN  MEDUIM
[uuiq_helper] Saved new commodity APPLE-RED GOLDEN  MEDUIM as VAAR814
[Normalizer] Completed for 2026-02-04. Processed: 10014/11309 (88.5% yield)
--- Finished Date: 2026-02-04 ---

=== Processing Date: 2026-02-05 ===
  [Agmark] Starting (Attempt 1)...
Starting fetch for 2026-02-05...
Processing Group: Beverages (4 items)
  Fetching Cocoa...
  Fetching Coffee...
    Saved 4 records for Coffee
  Fetching Green Tea...
  Fetching Tea...
Processing Group: Cereals (26 items)
  Fetching Bajra(Pearl Millet/Cumbu)...
    Saved 100 records for Bajra(Pearl Millet/Cumbu)
  Fetching Barley(Jau)...
    Saved 14 records for Barley(Jau)
  Fetching Barnyard Millet...
  Fetching Beaten Rice...
    Saved 1 records for Beaten Rice
  Fetching Browntop Millet...
  Fetching Chakhao(Black Rice)...
  Fetching Foxtail Millet(Navane)...
    Saved 1 records for Foxtail Millet(Navane)
  Fetching Hybrid Cumbu...
  Fetching Jaee...
  Fetching Jowar(Sorghum)...
    Saved 61 records for Jowar(Sorghum)
  Fetching Kodo Millet(Varagu)...
    Saved 4 records for Kodo Millet(Varagu)
  Fetching Kutki...
    Saved 2 records for Kutki
  Fetching Little Millet ...
  Fetching Maize...
    Saved 100 records for Maize
  Fetching Paddy(Basmati)...
    Saved 12 records for Paddy(Basmati)
  Fetching Paddy(Common)...
    Saved 100 records for Paddy(Common)
  Fetching Proso Millet...
  Fetching Ragi(Finger Millet)...
    Saved 7 records for Ragi(Finger Millet)
  Fetching Rala...
  Fetching Rice...
    Saved 100 records for Rice
  Fetching Sajje...
  Fetching Same/Savi...
  Fetching Soji...
  Fetching Sweet Corn ...
    Saved 1 records for Sweet Corn 
  Fetching T.V. Cumbu...
  Fetching Wheat...
    Saved 100 records for Wheat
Processing Group: Drug and Narcotics (37 items)
  Fetching Arecanut(Betelnut/Supari)...
    Saved 66 records for Arecanut(Betelnut/Supari)
  Fetching Asalia...
    Saved 2 records for Asalia
  Fetching Ashoka...
  Fetching Ashwagandha...
  Fetching Asparagus...
    Saved 1 records for Asparagus
  Fetching Atis...
  Fetching Betal Leaves...
    Saved 19 records for Betal Leaves
  Fetching Chandrashoor...
  Fetching Coleus...
  Fetching Isabgul(Psyllium)...
    Saved 11 records for Isabgul(Psyllium)
  Fetching Isbgol...
  Fetching Lemongrass...
  Fetching Mahua...
    Saved 1 records for Mahua
  Fetching Mentha Oil...
  Fetching Muesli...
  Fetching Muleti...
  Fetching Myrobolan(Harad)...
  Fetching Neem Fruits...
  Fetching Palash flowers...
  Fetching Poppy capsules...
  Fetching Pupadia...
  Fetching Swan Plant (Green Herb)...
  Fetching Tobacco...
  Fetching Vatsanabha...
  Fetching White Muesli...
  Fetching basil...
    Saved 1 records for basil
  Fetching dhawai flowers...
  Fetching karanja seeds...
    Saved 1 records for karanja seeds
  Fetching kutki...
  Fetching liquor turmeric...
  Fetching macoy...
  Fetching nigella seeds...
    Saved 1 records for nigella seeds
  Fetching pippali...
  Fetching sanay...
  Fetching stevia...
  Fetching stone pulverizer...
  Fetching vadang...
Processing Group: Dry Fruits (8 items)
  Fetching Almond(Badam)...
    Saved 1 records for Almond(Badam)
  Fetching Cashewnuts...
    Saved 3 records for Cashewnuts
  Fetching Dates...
  Fetching Dry Grapes...
    Saved 1 records for Dry Grapes
  Fetching Fig (Dry)...
  Fetching Pine Nut(Chilgoza /Niyoza)...
  Fetching Pista(Pistachio)...
  Fetching Walnut...
Processing Group: Fibre Crops (5 items)
  Fetching Ambady/Mesta...
  Fetching Cotton...
    Saved 100 records for Cotton
  Fetching Jute...
    Saved 12 records for Jute
  Fetching Lint...
  Fetching Sunhemp...
Processing Group: Flowers (58 items)
  Fetching Anthorium...
    Saved 1 records for Anthorium
  Fetching Astera...
    Saved 1 records for Astera
  Fetching BOP...
  Fetching Calendula...
  Fetching Carnation...
    Saved 1 records for Carnation
  Fetching Chrysanthemum...
    Saved 1 records for Chrysanthemum
  Fetching Chrysanthemum(Loose)...
    Saved 1 records for Chrysanthemum(Loose)
  Fetching Clarkia...
  Fetching Cossandra...
  Fetching Daila(Chandni)...
  Fetching Delha...
    Saved 1 records for Delha
  Fetching Gamphrena...
  Fetching Gerbera...
  Fetching Gladiolus Bulb...
  Fetching Gladiolus Cut Flower...
  Fetching Glardia...
  Fetching Heliconia species...
  Fetching Irish...
  Fetching Jaffri...
    Saved 1 records for Jaffri
  Fetching Jarbara...
  Fetching Jasmine...
    Saved 3 records for Jasmine
  Fetching Kagda...
  Fetching Kakada...
    Saved 4 records for Kakada
  Fetching Kankambra...
  Fetching Kevda...
  Fetching Lilly...
    Saved 1 records for Lilly
  Fetching Limonia(status)...
  Fetching Lotus...
  Fetching Lupine...
  Fetching Marget...
    Saved 1 records for Marget
  Fetching Marigold(Calcutta)...
    Saved 28 records for Marigold(Calcutta)
  Fetching Marigold(loose)...
    Saved 2 records for Marigold(loose)
  Fetching Marikozhunthu...
  Fetching Nerium...
  Fetching Orchid...
    Saved 1 records for Orchid
  Fetching Patti Calcutta...
    Saved 1 records for Patti Calcutta
  Fetching Pincushion Flower...
  Fetching Raibel...
  Fetching Rose(Local)...
    Saved 24 records for Rose(Local)
  Fetching Rose(Loose))...
    Saved 4 records for Rose(Loose))
  Fetching Rose(Tata)...
  Fetching Swanflower...
  Fetching Sweet Sultan...
  Fetching Tube Flower...
    Saved 4 records for Tube Flower
  Fetching Tube Rose(Double)...
    Saved 1 records for Tube Rose(Double)
  Fetching Tube Rose(Loose)...
    Saved 11 records for Tube Rose(Loose)
  Fetching Tube Rose(Single)...
    Saved 1 records for Tube Rose(Single)
  Fetching balsam...
  Fetching cineraria...
  Fetching dianthus...
  Fetching golden rod...
  Fetching gypsophila...
  Fetching hydrangea...
  Fetching kakatan...
  Fetching salvia...
  Fetching sevanti...
  Fetching sweet william...
  Fetching tulip...
Processing Group: Forest Products (39 items)
  Fetching Absinthe...
    Saved 1 records for Absinthe
  Fetching Ambada Seed...
  Fetching Antawala...
  Fetching Bamboo...
  Fetching Bay leaf(Tejpatta)...
  Fetching Behada...
    Saved 1 records for Behada
  Fetching Bhui Amlaya...
  Fetching Brahmi...
  Fetching Broomstick(Flower Broom)...
  Fetching Cane...
  Fetching Chironji...
  Fetching Firewood...
  Fetching Flower Broom...
  Fetching Giloy...
    Saved 1 records for Giloy
  Fetching Gond...
  Fetching Gudmar...
  Fetching Guggal...
  Fetching Harrah...
    Saved 1 records for Harrah
  Fetching Hippe Seed...
  Fetching Jute Seed...
  Fetching Kalihari...
  Fetching Kalmegh...
  Fetching Kooth...
  Fetching Mahua Seed(Hippe seed)...
  Fetching Neem Seed...
    Saved 1 records for Neem Seed
  Fetching Pundi Seed...
  Fetching Ratanjot...
  Fetching Resinwood...
  Fetching Salix-Pursi(Willow)...
  Fetching Sandalwood...
  Fetching Soapnut(Antawala/Retha)...
  Fetching Tamarind Fruit...
    Saved 24 records for Tamarind Fruit
  Fetching Tamarind Seed...
  Fetching Torchwood...
  Fetching Wax...
  Fetching Wood...
    Saved 5 records for Wood
  Fetching gulli...
  Fetching kokum...
  Fetching spikenard...
Processing Group: Fruits (64 items)
  Fetching Amla(Nelli Kai)...
    Saved 89 records for Amla(Nelli Kai)
  Fetching Apple...
    Saved 100 records for Apple
  Fetching Apricot(Jardalu/Khumani)...
  Fetching Avocado...
  Fetching Bael...
  Fetching Banana...
    Saved 100 records for Banana
  Fetching Ber(Zizyphus/Borehannu)...
    Saved 29 records for Ber(Zizyphus/Borehannu)
  Fetching Bilimbi...
  Fetching Black Currant...
  Fetching Blueberry...
  Fetching Borehannu...
  Fetching Bread Fruit...
  Fetching Carissa(Karvand)...
  Fetching Chakotha...
  Fetching Cherry...
    Saved 1 records for Cherry
  Fetching Chikoos(Sapota)...
    Saved 100 records for Chikoos(Sapota)
  Fetching Custard Apple(Sharifa)...
    Saved 10 records for Custard Apple(Sharifa)
  Fetching Dragon fruit...
  Fetching Garcinia...
  Fetching Goose berry(Nellikkai)...
  Fetching Grapes...
    Saved 100 records for Grapes
  Fetching Grey Fruit...
  Fetching Guava...
    Saved 100 records for Guava
  Fetching Hog Plum...
  Fetching Indian Sherbet Berry(Phalsa)...
  Fetching Jack Fruit...
    Saved 5 records for Jack Fruit
  Fetching Jamun(Narale Hannu)...
  Fetching Karbuja(Musk Melon)...
    Saved 27 records for Karbuja(Musk Melon)
  Fetching Khirni...
  Fetching Kinnow...
    Saved 84 records for Kinnow
  Fetching Kiwi Fruit...
  Fetching Lime...
    Saved 73 records for Lime
  Fetching Litchi...
  Fetching Lukad...
  Fetching Mango...
    Saved 6 records for Mango
  Fetching Mangosteen...
  Fetching Marasebu...
  Fetching Mousambi(Sweet Lime)...
    Saved 86 records for Mousambi(Sweet Lime)
  Fetching Mulberry...
  Fetching Nearle Hannu...
  Fetching Nelli Kai...
  Fetching Orange...
    Saved 78 records for Orange
  Fetching Papaya...
    Saved 100 records for Papaya
  Fetching Passion Fruit...
  Fetching Peach...
  Fetching Pear(Marasebu)...
    Saved 3 records for Pear(Marasebu)
  Fetching Persimon(Japani Fal)...
  Fetching Pineapple...
    Saved 71 records for Pineapple
  Fetching Plum...
    Saved 1 records for Plum
  Fetching Pomegranate...
    Saved 100 records for Pomegranate
  Fetching Quince(Nakh)...
  Fetching Rambutan...
  Fetching Ramphal...
  Fetching Seetapal...
    Saved 2 records for Seetapal
  Fetching Siddota...
  Fetching Soursop...
  Fetching Star Fruit(Kamraikh)...
  Fetching Strawberry...
    Saved 1 records for Strawberry
  Fetching Tender Coconut...
    Saved 82 records for Tender Coconut
  Fetching Water Apple...
  Fetching Water Melon...
    Saved 67 records for Water Melon
  Fetching Wild Melon...
  Fetching Wild lemon...
  Fetching Wood Apple...
Processing Group: Live Stock,Poultry,Fisheries (21 items)
  Fetching Bull...
  Fetching Calf...
  Fetching Cock...
  Fetching Cow...
    Saved 3 records for Cow
  Fetching Crab...
  Fetching Dry Fish...
  Fetching Duck...
  Fetching Egg...
  Fetching Fish...
    Saved 25 records for Fish
  Fetching Goat...
    Saved 1 records for Goat
  Fetching He Buffalo...
  Fetching Hen...
  Fetching Ox...
    Saved 1 records for Ox
  Fetching Pigs...
  Fetching Prawn...
  Fetching Ram...
  Fetching She Buffalo...
    Saved 2 records for She Buffalo
  Fetching She Goat...
  Fetching Sheep...
  Fetching Shrimp...
  Fetching Silk Cocoon...
Processing Group: Oil Seeds (24 items)
  Fetching Castor Seed...
    Saved 46 records for Castor Seed
  Fetching Coconut Seed...
    Saved 7 records for Coconut Seed
  Fetching Copra...
    Saved 14 records for Copra
  Fetching Cotton Seed...
  Fetching Ground Nut Seed...
    Saved 10 records for Ground Nut Seed
  Fetching Groundnut...
    Saved 100 records for Groundnut
  Fetching Groundnut(Split)...
    Saved 4 records for Groundnut(Split)
  Fetching Gurellu...
  Fetching Honge seed...
  Fetching Kuchur - Kusum Seed...
  Fetching Laha...
  Fetching Linseed...
    Saved 14 records for Linseed
  Fetching Mustard...
    Saved 100 records for Mustard
  Fetching Niger Seed(Ramtil)...
    Saved 3 records for Niger Seed(Ramtil)
  Fetching Safflower...
    Saved 5 records for Safflower
  Fetching Sal Seeds...
  Fetching Sesamum(Sesame,Gingelly,Til)...
    Saved 45 records for Sesamum(Sesame,Gingelly,Til)
  Fetching Soha...
  Fetching Soyabean...
    Saved 100 records for Soyabean
  Fetching Sunflower...
    Saved 4 records for Sunflower
  Fetching Sunflower Seed...
  Fetching Suva(Dill Seed)...
    Saved 3 records for Suva(Dill Seed)
  Fetching Taramira...
    Saved 2 records for Taramira
  Fetching Toria...
Processing Group: Oils and Fats (8 items)
  Fetching Butter...
  Fetching Castor Oil...
  Fetching Coconut Oil...
    Saved 6 records for Coconut Oil
  Fetching Dalda...
  Fetching Ghee...
    Saved 2 records for Ghee
  Fetching Gingelly Oil...
  Fetching Ground Nut Oil...
  Fetching Mustard Oil...
    Saved 6 records for Mustard Oil
Processing Group: Pulses (38 items)
  Fetching Alasande Gram...
    Saved 3 records for Alasande Gram
  Fetching Arhar Dal(Tur Dal)...
    Saved 12 records for Arhar Dal(Tur Dal)
  Fetching Arhar(Tur/Red Gram)(Whole)...
    Saved 100 records for Arhar(Tur/Red Gram)(Whole)
  Fetching Avare Dal...
  Fetching Beans...
    Saved 100 records for Beans
  Fetching Bengal Gram Dal(Chana Dal)...
    Saved 2 records for Bengal Gram Dal(Chana Dal)
  Fetching Bengal Gram(Gram)(Whole)...
    Saved 100 records for Bengal Gram(Gram)(Whole)
  Fetching Big Gram...
    Saved 1 records for Big Gram
  Fetching Black Gram Dal(Urd Dal)...
    Saved 5 records for Black Gram Dal(Urd Dal)
  Fetching Black Gram(Urd Beans)(Whole)...
    Saved 88 records for Black Gram(Urd Beans)(Whole)
  Fetching Bullar...
    Saved 1 records for Bullar
  Fetching Chennangi Dal...
  Fetching Chennangi(Whole)...
  Fetching Cowpea(Lobia/Karamani)...
    Saved 7 records for Cowpea(Lobia/Karamani)
  Fetching Dal(Avare)...
  Fetching Field Gram...
  Fetching Green Gram Dal(Moong Dal)...
    Saved 10 records for Green Gram Dal(Moong Dal)
  Fetching Green Gram(Moong)(Whole)...
    Saved 74 records for Green Gram(Moong)(Whole)
  Fetching Green Peas...
    Saved 100 records for Green Peas
  Fetching Guar Seed(Cluster Beans Seed)...
    Saved 26 records for Guar Seed(Cluster Beans Seed)
  Fetching Kabuli Chana(Chickpeas-White)...
    Saved 28 records for Kabuli Chana(Chickpeas-White)
  Fetching Karamani...
  Fetching Kidney Beans(Rajma)...
  Fetching Kulthi(Horse Gram)...
    Saved 6 records for Kulthi(Horse Gram)
  Fetching Lak(Teora)...
    Saved 12 records for Lak(Teora)
  Fetching Lentil(Masur)(Whole)...
    Saved 59 records for Lentil(Masur)(Whole)
  Fetching Masur Dal...
    Saved 12 records for Masur Dal
  Fetching Mataki...
    Saved 6 records for Mataki
  Fetching Moath Dal...
    Saved 8 records for Moath Dal
  Fetching Other Pulses...
    Saved 1 records for Other Pulses
  Fetching Peas(Dry)...
    Saved 3 records for Peas(Dry)
  Fetching Red Gram...
    Saved 7 records for Red Gram
  Fetching Rice Bean...
  Fetching Tevada...
  Fetching Thinai(Italian Millet)...
  Fetching White Peas...
    Saved 3 records for White Peas
  Fetching Wild Bean / Pod...
  Fetching buttery...
    Saved 16 records for buttery
Processing Group: Spices (31 items)
  Fetching Ajwan...
    Saved 9 records for Ajwan
  Fetching Asgand...
    Saved 2 records for Asgand
  Fetching Betelnuts...
  Fetching Black pepper...
    Saved 21 records for Black pepper
  Fetching Cardamoms...
    Saved 1 records for Cardamoms
  Fetching Chili Red...
    Saved 14 records for Chili Red
  Fetching Cinamon(Dalchini)...
    Saved 1 records for Cinamon(Dalchini)
  Fetching Cloves...
  Fetching Coca...
  Fetching Coconut...
    Saved 100 records for Coconut
  Fetching Corriander seed...
    Saved 33 records for Corriander seed
  Fetching Cummin Seed(Jeera)...
    Saved 38 records for Cummin Seed(Jeera)
  Fetching Dry Chillies...
    Saved 23 records for Dry Chillies
  Fetching Ginger Seed...
  Fetching Ginger(Dry)...
    Saved 7 records for Ginger(Dry)
  Fetching Kacholam...
  Fetching Large Cardamom...
  Fetching Mace...
  Fetching Methi Seeds...
    Saved 16 records for Methi Seeds
  Fetching Muskmelon Seeds...
  Fetching Nutmeg...
  Fetching Pepper garbled...
    Saved 1 records for Pepper garbled
  Fetching Pepper ungarbled...
  Fetching Rayee...
    Saved 2 records for Rayee
  Fetching Saffron...
  Fetching Soanf...
    Saved 9 records for Soanf
  Fetching Turmeric...
    Saved 15 records for Turmeric
  Fetching dried mango...
  Fetching mango powder...
  Fetching nigella...
    Saved 1 records for nigella
  Fetching poppy seeds...
    Saved 3 records for poppy seeds
Processing Group: Vegetables (128 items)
  Fetching Aloe Vera...
  Fetching Alsandikai...
    Saved 3 records for Alsandikai
  Fetching Amaranthus...
    Saved 100 records for Amaranthus
  Fetching Ambat Chuka...
  Fetching Amranthas Red...
    Saved 2 records for Amranthas Red
  Fetching Arrowroot...
  Fetching Ashgourd...
    Saved 100 records for Ashgourd
  Fetching Baby Corn...
  Fetching Bajji chilli...
  Fetching Balekai...
  Fetching Bamboo Shoot...
  Fetching Banana - Green...
    Saved 100 records for Banana - Green
  Fetching Banana Leaf...
  Fetching Banana flower...
  Fetching Banana stem...
  Fetching Beetroot...
    Saved 100 records for Beetroot
  Fetching Bhindi(Ladies Finger)...
    Saved 100 records for Bhindi(Ladies Finger)
  Fetching Binoula...
  Fetching Bitter gourd...
    Saved 100 records for Bitter gourd
  Fetching Bottle gourd...
    Saved 100 records for Bottle gourd
  Fetching Brinjal...
    Saved 100 records for Brinjal
  Fetching Brocoli...
  Fetching Cabbage...
    Saved 100 records for Cabbage
  Fetching Capsicum...
    Saved 100 records for Capsicum
  Fetching Carrot...
    Saved 100 records for Carrot
  Fetching Cauliflower...
    Saved 100 records for Cauliflower
  Fetching Chapparad Avare...
    Saved 4 records for Chapparad Avare
  Fetching Chhappan Kaddu...
  Fetching Chilly Capsicum...
    Saved 30 records for Chilly Capsicum
  Fetching Chow Chow...
    Saved 100 records for Chow Chow
  Fetching Cluster beans...
    Saved 100 records for Cluster beans
  Fetching Colacasia...
    Saved 100 records for Colacasia
  Fetching Coriander(Leaves)...
    Saved 100 records for Coriander(Leaves)
  Fetching Cowpea(Veg)...
    Saved 100 records for Cowpea(Veg)
  Fetching Cucumbar(Kheera)...
    Saved 100 records for Cucumbar(Kheera)
  Fetching Curry Leaf...
  Fetching Double Beans...
  Fetching Drumstick...
    Saved 100 records for Drumstick
  Fetching Duster Beans...
    Saved 4 records for Duster Beans
  Fetching Elephant Yam(Suran)/Amorphophallus...
    Saved 100 records for Elephant Yam(Suran)/Amorphophallus
  Fetching Field Bean(Anumulu)...
  Fetching Field Pea...
    Saved 16 records for Field Pea
  Fetching French Beans(Frasbean)...
    Saved 57 records for French Beans(Frasbean)
  Fetching Galgal(Lemon)...
    Saved 2 records for Galgal(Lemon)
  Fetching Garlic...
    Saved 100 records for Garlic
  Fetching Gherkin...
  Fetching Ghost Pepper(King Chilli)...
  Fetching Ginger(Green)...
    Saved 100 records for Ginger(Green)
  Fetching Goosefoot...
  Fetching Gram Raw(Chholia)...
    Saved 3 records for Gram Raw(Chholia)
  Fetching Green Avare(W)...
    Saved 100 records for Green Avare(W)
  Fetching Green Chilli...
    Saved 100 records for Green Chilli
  Fetching Groundnut pods(raw)...
  Fetching Guar...
    Saved 51 records for Guar
  Fetching Indian Beans(Seam)...
    Saved 98 records for Indian Beans(Seam)
  Fetching Indian Colza(Sarson)...
    Saved 5 records for Indian Colza(Sarson)
  Fetching Jackfruit Seed...
  Fetching Jamamkhan...
  Fetching Kartali(Kantola)...
  Fetching Knool Khol...
    Saved 94 records for Knool Khol
  Fetching Ladies Finger...
    Saved 10 records for Ladies Finger
  Fetching Leafy Vegetable...
    Saved 9 records for Leafy Vegetable
  Fetching Leek...
  Fetching Lemon...
    Saved 100 records for Lemon
  Fetching Lesser Yam...
  Fetching Little gourd(Kundru)...
    Saved 37 records for Little gourd(Kundru)
  Fetching Long Melon(Kakri)...
    Saved 8 records for Long Melon(Kakri)
  Fetching Lotus Sticks...
    Saved 1 records for Lotus Sticks
  Fetching Mango(Raw-Ripe)...
    Saved 100 records for Mango(Raw-Ripe)
  Fetching Mashrooms...
    Saved 56 records for Mashrooms
  Fetching Meal Maker (Soya Chunks)...
  Fetching Methi(Leaves)...
    Saved 67 records for Methi(Leaves)
  Fetching Mint(Pudina)...
    Saved 100 records for Mint(Pudina)
  Fetching Onion...
    Saved 100 records for Onion
  Fetching Onion Green...
    Saved 100 records for Onion Green
  Fetching Other green and fresh vegetables...
    Saved 1 records for Other green and fresh vegetables
  Fetching Papaya(Raw)...
    Saved 18 records for Papaya(Raw)
  Fetching Peas Wet...
    Saved 100 records for Peas Wet
  Fetching Peas cod...
    Saved 25 records for Peas cod
  Fetching Pegeon Pea(Arhar Fali)...
    Saved 6 records for Pegeon Pea(Arhar Fali)
  Fetching Perandai...
  Fetching Phuee(Leafy Veg)...
  Fetching Pointed gourd(Parval)...
    Saved 8 records for Pointed gourd(Parval)
  Fetching Pokcha Leafy Veg...
  Fetching Potato...
    Saved 100 records for Potato
  Fetching Pumpkin...
    Saved 100 records for Pumpkin
  Fetching Purslane...
  Fetching Raddish...
    Saved 100 records for Raddish
  Fetching Rat Tail Radish(Mogari)...
    Saved 1 records for Rat Tail Radish(Mogari)
  Fetching Red Cabbage...
  Fetching Red Gourd...
  Fetching Ribbed Celery...
  Fetching Ridge Gourd(Permal/Hybrid Gourd)...
  Fetching Ridgeguard(Tori)...
    Saved 100 records for Ridgeguard(Tori)
  Fetching Round Chilli...
  Fetching Round gourd...
    Saved 2 records for Round gourd
  Fetching Season Leaves...
    Saved 1 records for Season Leaves
  Fetching Seemebadnekai...
    Saved 5 records for Seemebadnekai
  Fetching Sem...
    Saved 1 records for Sem
  Fetching Siru Kizhagu...
  Fetching Snakeguard...
    Saved 100 records for Snakeguard
  Fetching Snow Mountain Garlic...
    Saved 1 records for Snow Mountain Garlic
  Fetching Spinach...
    Saved 94 records for Spinach
  Fetching Sponge gourd...
    Saved 9 records for Sponge gourd
  Fetching Squash(Chappal Kadoo)...
    Saved 17 records for Squash(Chappal Kadoo)
  Fetching Sugar Snap Peas...
  Fetching Sundaikai...
  Fetching Surat Beans(Papadi)...
    Saved 4 records for Surat Beans(Papadi)
  Fetching Suvarna Gadde...
    Saved 3 records for Suvarna Gadde
  Fetching Swan Phali(Flat Bean)...
  Fetching Sweet Potato...
    Saved 100 records for Sweet Potato
  Fetching Sweet Pumpkin...
    Saved 31 records for Sweet Pumpkin
  Fetching Sweet Saag...
    Saved 1 records for Sweet Saag
  Fetching Tapioca...
    Saved 100 records for Tapioca
  Fetching Taro (Arvi) Leaves...
  Fetching Taro (Arvi) Stem...
    Saved 1 records for Taro (Arvi) Stem
  Fetching Thogrikai...
    Saved 1 records for Thogrikai
  Fetching Thondekai...
    Saved 96 records for Thondekai
  Fetching Tinda...
    Saved 15 records for Tinda
  Fetching Tomato...
    Saved 100 records for Tomato
  Fetching Turmeric(raw)...
    Saved 5 records for Turmeric(raw)
  Fetching Turnip...
    Saved 40 records for Turnip
  Fetching White Pumpkin...
    Saved 2 records for White Pumpkin
  Fetching Wild Cucumber...
  Fetching Wild Garlic / Shoots...
  Fetching Wild Spinach...
  Fetching Yam Bean / Mexican Turnip(Bankla)...
  Fetching Yam(Ratalu)...
    Saved 100 records for Yam(Ratalu)
Processing Group: Others (52 items)
  Fetching Ajwain Husk...
  Fetching Bran...
  Fetching Broken Rice...
  Fetching Bunch Beans...
    Saved 3 records for Bunch Beans
  Fetching Camel Hair...
  Fetching Cashew Kernnel...
  Fetching Coconut Coir...
  Fetching Dhaincha...
    Saved 2 records for Dhaincha
  Fetching Dry Fodder...
    Saved 2 records for Dry Fodder
  Fetching Egypian Clover(Barseem)...
  Fetching Fig(Anjura/Anjeer)...
    Saved 3 records for Fig(Anjura/Anjeer)
  Fetching Flax seeds...
  Fetching Goat Hair...
  Fetching Gramflour...
  Fetching Green Fodder...
    Saved 2 records for Green Fodder
  Fetching Gur(Jaggery)...
    Saved 25 records for Gur(Jaggery)
  Fetching Haralekai...
  Fetching Hilsa...
  Fetching Honey...
  Fetching Jaggery...
    Saved 6 records for Jaggery
  Fetching Javi...
  Fetching Kharif Mash...
  Fetching Khoya...
  Fetching Kuchur...
  Fetching Ma.Inji...
  Fetching Mahedi...
    Saved 1 records for Mahedi
  Fetching Maida Atta...
    Saved 1 records for Maida Atta
  Fetching Maragensu...
  Fetching Mash...
  Fetching Millets...
    Saved 2 records for Millets
  Fetching Nargasi...
  Fetching Polherb...
  Fetching Pundi...
  Fetching Rajgir...
    Saved 6 records for Rajgir
  Fetching Raw Biomass(Agro Residue)...
  Fetching Raya...
  Fetching Riccbcan...
  Fetching Rubber...
    Saved 6 records for Rubber
  Fetching Sabu Dan...
  Fetching Sarasum...
  Fetching Seegu...
  Fetching Skin And Hide...
  Fetching Sompu...
  Fetching Sugar...
    Saved 2 records for Sugar
  Fetching Sugarcane...
  Fetching Suram...
  Fetching Tulasi...
  Fetching Water Plant(Kaseru)...
  Fetching Water chestnut...
    Saved 1 records for Water chestnut
  Fetching Wheat Atta...
    Saved 1 records for Wheat Atta
  Fetching Wool...
  Fetching Yam...
Finished fetch for 2026-02-05
  [eNAM] Starting...
Fetching eNAM data for 2026-02-05...
Fetched 2328 records from eNAM.
Saving raw eNAM data to database...
Finished saving eNAM data for 2026-02-05.
  [Normalization] Starting...
[Normalizer] Starting Incremental Processing for 2026-02-05...
[Normalizer] Processing 11191 fresh records (8863 Agmark, 2328 eNAM)
[uuiq_helper] Generating new UUID for: BANANA AMRUTHAPANI
[uuiq_helper] Saved new commodity BANANA AMRUTHAPANI as VAAR815
[uuiq_helper] Generating new UUID for: BANANA BHUSHAVALI
[uuiq_helper] Saved new commodity BANANA BHUSHAVALI as VAAR816
[uuiq_helper] Generating new UUID for: BANANA BONTHA
[uuiq_helper] Saved new commodity BANANA BONTHA as VAAR817
[uuiq_helper] Generating new UUID for: BANANA KARPURA
[uuiq_helper] Saved new commodity BANANA KARPURA as VAAR818
[uuiq_helper] Generating new UUID for: BANANA RED CHAKRAKELI
[uuiq_helper] Saved new commodity BANANA RED CHAKRAKELI as VAAR819
[uuiq_helper] Generating new UUID for: PADDY-SAFARI
[uuiq_helper] Saved new commodity PADDY-SAFARI as VAAR820
[uuiq_helper] Generating new UUID for: PEAR
[uuiq_helper] Saved new commodity PEAR as VAAR821
[uuiq_helper] Generating new UUID for: APPLE -RICH RED MEDIUM
[uuiq_helper] Saved new commodity APPLE -RICH RED MEDIUM as VAAR822
[uuiq_helper] Generating new UUID for: NIGER SEED
[uuiq_helper] Saved new commodity NIGER SEED as VAAR823
[uuiq_helper] Generating new UUID for: DRY FISH (SHRIMP)
[uuiq_helper] Saved new commodity DRY FISH (SHRIMP) as VAAR824
[uuiq_helper] Generating new UUID for: MANGO RAW
[uuiq_helper] Saved new commodity MANGO RAW as VAAR825
[uuiq_helper] Generating new UUID for: APRICOT
[uuiq_helper] Saved new commodity APRICOT as VAAR826
[uuiq_helper] Generating new UUID for: BANANA OTHERS
[uuiq_helper] Saved new commodity BANANA OTHERS as VAAR827
[uuiq_helper] Generating new UUID for: COCONUT COIR_DECORTICATED FIBR
[uuiq_helper] Saved new commodity COCONUT COIR_DECORTICATED FIBR as VAAR828
[uuiq_helper] Generating new UUID for: JOWAR-WHITE
[uuiq_helper] Saved new commodity JOWAR-WHITE as VAAR829
[Normalizer] Completed for 2026-02-05. Processed: 9910/11191 (88.6% yield)
--- Finished Date: 2026-02-05 ---

=== Processing Date: 2026-02-06 ===
  [Agmark] Starting (Attempt 1)...
Starting fetch for 2026-02-06...
Processing Group: Beverages (4 items)
  Fetching Cocoa...
  Fetching Coffee...
    Saved 4 records for Coffee
  Fetching Green Tea...
  Fetching Tea...
Processing Group: Cereals (26 items)
  Fetching Bajra(Pearl Millet/Cumbu)...
    Saved 75 records for Bajra(Pearl Millet/Cumbu)
  Fetching Barley(Jau)...
    Saved 14 records for Barley(Jau)
  Fetching Barnyard Millet...
  Fetching Beaten Rice...
    Saved 1 records for Beaten Rice
  Fetching Browntop Millet...
  Fetching Chakhao(Black Rice)...
  Fetching Foxtail Millet(Navane)...
    Saved 1 records for Foxtail Millet(Navane)
  Fetching Hybrid Cumbu...
  Fetching Jaee...
  Fetching Jowar(Sorghum)...
    Saved 42 records for Jowar(Sorghum)
  Fetching Kodo Millet(Varagu)...
    Saved 4 records for Kodo Millet(Varagu)
  Fetching Kutki...
    Saved 2 records for Kutki
  Fetching Little Millet ...
  Fetching Maize...
    Saved 100 records for Maize
  Fetching Paddy(Basmati)...
    Saved 8 records for Paddy(Basmati)
  Fetching Paddy(Common)...
    Saved 100 records for Paddy(Common)
  Fetching Proso Millet...
  Fetching Ragi(Finger Millet)...
    Saved 5 records for Ragi(Finger Millet)
  Fetching Rala...
  Fetching Rice...
    Saved 100 records for Rice
  Fetching Sajje...
  Fetching Same/Savi...
  Fetching Soji...
  Fetching Sweet Corn ...
    Saved 1 records for Sweet Corn 
  Fetching T.V. Cumbu...
  Fetching Wheat...
    Saved 100 records for Wheat
Processing Group: Drug and Narcotics (37 items)
  Fetching Arecanut(Betelnut/Supari)...
    Saved 44 records for Arecanut(Betelnut/Supari)
  Fetching Asalia...
    Saved 2 records for Asalia
  Fetching Ashoka...
  Fetching Ashwagandha...
  Fetching Asparagus...
    Saved 1 records for Asparagus
  Fetching Atis...
  Fetching Betal Leaves...
    Saved 18 records for Betal Leaves
  Fetching Chandrashoor...
  Fetching Coleus...
  Fetching Isabgul(Psyllium)...
    Saved 4 records for Isabgul(Psyllium)
  Fetching Isbgol...
  Fetching Lemongrass...
  Fetching Mahua...
    Saved 1 records for Mahua
  Fetching Mentha Oil...
  Fetching Muesli...
  Fetching Muleti...
  Fetching Myrobolan(Harad)...
  Fetching Neem Fruits...
  Fetching Palash flowers...
  Fetching Poppy capsules...
  Fetching Pupadia...
  Fetching Swan Plant (Green Herb)...
  Fetching Tobacco...
  Fetching Vatsanabha...
  Fetching White Muesli...
  Fetching basil...
    Saved 1 records for basil
  Fetching dhawai flowers...
  Fetching karanja seeds...
  Fetching kutki...
  Fetching liquor turmeric...
  Fetching macoy...
  Fetching nigella seeds...
    Saved 1 records for nigella seeds
  Fetching pippali...
  Fetching sanay...
  Fetching stevia...
  Fetching stone pulverizer...
  Fetching vadang...
Processing Group: Dry Fruits (8 items)
  Fetching Almond(Badam)...
    Saved 1 records for Almond(Badam)
  Fetching Cashewnuts...
    Saved 2 records for Cashewnuts
  Fetching Dates...
  Fetching Dry Grapes...
    Saved 1 records for Dry Grapes
  Fetching Fig (Dry)...
  Fetching Pine Nut(Chilgoza /Niyoza)...
  Fetching Pista(Pistachio)...
  Fetching Walnut...
Processing Group: Fibre Crops (5 items)
  Fetching Ambady/Mesta...
  Fetching Cotton...
    Saved 100 records for Cotton
  Fetching Jute...
    Saved 13 records for Jute
  Fetching Lint...
  Fetching Sunhemp...
Processing Group: Flowers (58 items)
  Fetching Anthorium...
    Saved 1 records for Anthorium
  Fetching Astera...
    Saved 1 records for Astera
  Fetching BOP...
    Saved 1 records for BOP
  Fetching Calendula...
  Fetching Carnation...
    Saved 1 records for Carnation
  Fetching Chrysanthemum...
    Saved 1 records for Chrysanthemum
  Fetching Chrysanthemum(Loose)...
  Fetching Clarkia...
  Fetching Cossandra...
  Fetching Daila(Chandni)...
  Fetching Delha...
    Saved 1 records for Delha
  Fetching Gamphrena...
  Fetching Gerbera...
  Fetching Gladiolus Bulb...
  Fetching Gladiolus Cut Flower...
  Fetching Glardia...
  Fetching Heliconia species...
  Fetching Irish...
  Fetching Jaffri...
  Fetching Jarbara...
    Saved 1 records for Jarbara
  Fetching Jasmine...
    Saved 8 records for Jasmine
  Fetching Kagda...
  Fetching Kakada...
    Saved 3 records for Kakada
  Fetching Kankambra...
  Fetching Kevda...
  Fetching Lilly...
    Saved 1 records for Lilly
  Fetching Limonia(status)...
  Fetching Lotus...
  Fetching Lupine...
  Fetching Marget...
    Saved 1 records for Marget
  Fetching Marigold(Calcutta)...
    Saved 25 records for Marigold(Calcutta)
  Fetching Marigold(loose)...
    Saved 1 records for Marigold(loose)
  Fetching Marikozhunthu...
  Fetching Nerium...
  Fetching Orchid...
    Saved 1 records for Orchid
  Fetching Patti Calcutta...
    Saved 1 records for Patti Calcutta
  Fetching Pincushion Flower...
  Fetching Raibel...
  Fetching Rose(Local)...
    Saved 25 records for Rose(Local)
  Fetching Rose(Loose))...
    Saved 2 records for Rose(Loose))
  Fetching Rose(Tata)...
  Fetching Swanflower...
  Fetching Sweet Sultan...
  Fetching Tube Flower...
    Saved 4 records for Tube Flower
  Fetching Tube Rose(Double)...
    Saved 1 records for Tube Rose(Double)
  Fetching Tube Rose(Loose)...
    Saved 9 records for Tube Rose(Loose)
  Fetching Tube Rose(Single)...
    Saved 1 records for Tube Rose(Single)
  Fetching balsam...
  Fetching cineraria...
  Fetching dianthus...
  Fetching golden rod...
  Fetching gypsophila...
  Fetching hydrangea...
  Fetching kakatan...
  Fetching salvia...
  Fetching sevanti...
  Fetching sweet william...
  Fetching tulip...
    Saved 1 records for tulip
Processing Group: Forest Products (39 items)
  Fetching Absinthe...
    Saved 1 records for Absinthe
  Fetching Ambada Seed...
  Fetching Antawala...
  Fetching Bamboo...
  Fetching Bay leaf(Tejpatta)...
  Fetching Behada...
  Fetching Bhui Amlaya...
  Fetching Brahmi...
  Fetching Broomstick(Flower Broom)...
  Fetching Cane...
  Fetching Chironji...
  Fetching Firewood...
    Saved 1 records for Firewood
  Fetching Flower Broom...
  Fetching Giloy...
    Saved 1 records for Giloy
  Fetching Gond...
  Fetching Gudmar...
  Fetching Guggal...
  Fetching Harrah...
  Fetching Hippe Seed...
  Fetching Jute Seed...
  Fetching Kalihari...
  Fetching Kalmegh...
  Fetching Kooth...
  Fetching Mahua Seed(Hippe seed)...
  Fetching Neem Seed...
    Saved 1 records for Neem Seed
  Fetching Pundi Seed...
    Saved 1 records for Pundi Seed
  Fetching Ratanjot...
  Fetching Resinwood...
  Fetching Salix-Pursi(Willow)...
  Fetching Sandalwood...
  Fetching Soapnut(Antawala/Retha)...
  Fetching Tamarind Fruit...
    Saved 22 records for Tamarind Fruit
  Fetching Tamarind Seed...
  Fetching Torchwood...
  Fetching Wax...
  Fetching Wood...
    Saved 4 records for Wood
  Fetching gulli...
    Saved 1 records for gulli
  Fetching kokum...
  Fetching spikenard...
Processing Group: Fruits (64 items)
  Fetching Amla(Nelli Kai)...
    Saved 81 records for Amla(Nelli Kai)
  Fetching Apple...
    Saved 100 records for Apple
  Fetching Apricot(Jardalu/Khumani)...
  Fetching Avocado...
  Fetching Bael...
  Fetching Banana...
    Saved 100 records for Banana
  Fetching Ber(Zizyphus/Borehannu)...
    Saved 26 records for Ber(Zizyphus/Borehannu)
  Fetching Bilimbi...
  Fetching Black Currant...
  Fetching Blueberry...
  Fetching Borehannu...
  Fetching Bread Fruit...
  Fetching Carissa(Karvand)...
  Fetching Chakotha...
  Fetching Cherry...
  Fetching Chikoos(Sapota)...
    Saved 100 records for Chikoos(Sapota)
  Fetching Custard Apple(Sharifa)...
    Saved 10 records for Custard Apple(Sharifa)
  Fetching Dragon fruit...
  Fetching Garcinia...
  Fetching Goose berry(Nellikkai)...
  Fetching Grapes...
    Saved 96 records for Grapes
  Fetching Grey Fruit...
  Fetching Guava...
    Saved 100 records for Guava
  Fetching Hog Plum...
  Fetching Indian Sherbet Berry(Phalsa)...
  Fetching Jack Fruit...
    Saved 3 records for Jack Fruit
  Fetching Jamun(Narale Hannu)...
    Saved 1 records for Jamun(Narale Hannu)
  Fetching Karbuja(Musk Melon)...
    Saved 24 records for Karbuja(Musk Melon)
  Fetching Khirni...
  Fetching Kinnow...
    Saved 70 records for Kinnow
  Fetching Kiwi Fruit...
    Saved 1 records for Kiwi Fruit
  Fetching Lime...
    Saved 67 records for Lime
  Fetching Litchi...
    Saved 2 records for Litchi
  Fetching Lukad...
  Fetching Mango...
    Saved 6 records for Mango
  Fetching Mangosteen...
  Fetching Marasebu...
  Fetching Mousambi(Sweet Lime)...
    Saved 79 records for Mousambi(Sweet Lime)
  Fetching Mulberry...
  Fetching Nearle Hannu...
  Fetching Nelli Kai...
  Fetching Orange...
    Saved 74 records for Orange
  Fetching Papaya...
    Saved 100 records for Papaya
  Fetching Passion Fruit...
  Fetching Peach...
  Fetching Pear(Marasebu)...
    Saved 4 records for Pear(Marasebu)
  Fetching Persimon(Japani Fal)...
  Fetching Pineapple...
    Saved 54 records for Pineapple
  Fetching Plum...
    Saved 3 records for Plum
  Fetching Pomegranate...
    Saved 100 records for Pomegranate
  Fetching Quince(Nakh)...
  Fetching Rambutan...
  Fetching Ramphal...
  Fetching Seetapal...
    Saved 1 records for Seetapal
  Fetching Siddota...
  Fetching Soursop...
  Fetching Star Fruit(Kamraikh)...
  Fetching Strawberry...
  Fetching Tender Coconut...
    Saved 78 records for Tender Coconut
  Fetching Water Apple...
  Fetching Water Melon...
    Saved 55 records for Water Melon
  Fetching Wild Melon...
  Fetching Wild lemon...
  Fetching Wood Apple...
Processing Group: Live Stock,Poultry,Fisheries (21 items)
  Fetching Bull...
  Fetching Calf...
  Fetching Cock...
  Fetching Cow...
    Saved 2 records for Cow
  Fetching Crab...
  Fetching Dry Fish...
  Fetching Duck...
  Fetching Egg...
  Fetching Fish...
    Saved 22 records for Fish
  Fetching Goat...
    Saved 1 records for Goat
  Fetching He Buffalo...
  Fetching Hen...
    Saved 1 records for Hen
  Fetching Ox...
  Fetching Pigs...
    Saved 1 records for Pigs
  Fetching Prawn...
  Fetching Ram...
  Fetching She Buffalo...
    Saved 2 records for She Buffalo
  Fetching She Goat...
  Fetching Sheep...
  Fetching Shrimp...
  Fetching Silk Cocoon...
Processing Group: Oil Seeds (24 items)
  Fetching Castor Seed...
    Saved 39 records for Castor Seed
  Fetching Coconut Seed...
    Saved 4 records for Coconut Seed
  Fetching Copra...
    Saved 5 records for Copra
  Fetching Cotton Seed...
    Saved 2 records for Cotton Seed
  Fetching Ground Nut Seed...
    Saved 9 records for Ground Nut Seed
  Fetching Groundnut...
    Saved 99 records for Groundnut
  Fetching Groundnut(Split)...
    Saved 3 records for Groundnut(Split)
  Fetching Gurellu...
  Fetching Honge seed...
  Fetching Kuchur - Kusum Seed...
  Fetching Laha...
  Fetching Linseed...
    Saved 10 records for Linseed
  Fetching Mustard...
    Saved 100 records for Mustard
  Fetching Niger Seed(Ramtil)...
  Fetching Safflower...
    Saved 2 records for Safflower
  Fetching Sal Seeds...
  Fetching Sesamum(Sesame,Gingelly,Til)...
    Saved 33 records for Sesamum(Sesame,Gingelly,Til)
  Fetching Soha...
  Fetching Soyabean...
    Saved 100 records for Soyabean
  Fetching Sunflower...
    Saved 5 records for Sunflower
  Fetching Sunflower Seed...
  Fetching Suva(Dill Seed)...
    Saved 4 records for Suva(Dill Seed)
  Fetching Taramira...
    Saved 1 records for Taramira
  Fetching Toria...
Processing Group: Oils and Fats (8 items)
  Fetching Butter...
  Fetching Castor Oil...
  Fetching Coconut Oil...
    Saved 5 records for Coconut Oil
  Fetching Dalda...
  Fetching Ghee...
  Fetching Gingelly Oil...
  Fetching Ground Nut Oil...
  Fetching Mustard Oil...
    Saved 6 records for Mustard Oil
Processing Group: Pulses (38 items)
  Fetching Alasande Gram...
    Saved 3 records for Alasande Gram
  Fetching Arhar Dal(Tur Dal)...
    Saved 10 records for Arhar Dal(Tur Dal)
  Fetching Arhar(Tur/Red Gram)(Whole)...
    Saved 100 records for Arhar(Tur/Red Gram)(Whole)
  Fetching Avare Dal...
    Saved 1 records for Avare Dal
  Fetching Beans...
    Saved 100 records for Beans
  Fetching Bengal Gram Dal(Chana Dal)...
    Saved 3 records for Bengal Gram Dal(Chana Dal)
  Fetching Bengal Gram(Gram)(Whole)...
    Saved 100 records for Bengal Gram(Gram)(Whole)
  Fetching Big Gram...
    Saved 1 records for Big Gram
  Fetching Black Gram Dal(Urd Dal)...
    Saved 6 records for Black Gram Dal(Urd Dal)
  Fetching Black Gram(Urd Beans)(Whole)...
    Saved 69 records for Black Gram(Urd Beans)(Whole)
  Fetching Bullar...
  Fetching Chennangi Dal...
  Fetching Chennangi(Whole)...
  Fetching Cowpea(Lobia/Karamani)...
    Saved 7 records for Cowpea(Lobia/Karamani)
  Fetching Dal(Avare)...
  Fetching Field Gram...
  Fetching Green Gram Dal(Moong Dal)...
    Saved 10 records for Green Gram Dal(Moong Dal)
  Fetching Green Gram(Moong)(Whole)...
    Saved 47 records for Green Gram(Moong)(Whole)
  Fetching Green Peas...
    Saved 94 records for Green Peas
  Fetching Guar Seed(Cluster Beans Seed)...
    Saved 13 records for Guar Seed(Cluster Beans Seed)
  Fetching Kabuli Chana(Chickpeas-White)...
    Saved 29 records for Kabuli Chana(Chickpeas-White)
  Fetching Karamani...
  Fetching Kidney Beans(Rajma)...
  Fetching Kulthi(Horse Gram)...
    Saved 6 records for Kulthi(Horse Gram)
  Fetching Lak(Teora)...
    Saved 15 records for Lak(Teora)
  Fetching Lentil(Masur)(Whole)...
    Saved 56 records for Lentil(Masur)(Whole)
  Fetching Masur Dal...
    Saved 12 records for Masur Dal
  Fetching Mataki...
    Saved 5 records for Mataki
  Fetching Moath Dal...
    Saved 3 records for Moath Dal
  Fetching Other Pulses...
    Saved 1 records for Other Pulses
  Fetching Peas(Dry)...
    Saved 4 records for Peas(Dry)
  Fetching Red Gram...
    Saved 6 records for Red Gram
  Fetching Rice Bean...
  Fetching Tevada...
  Fetching Thinai(Italian Millet)...
  Fetching White Peas...
    Saved 2 records for White Peas
  Fetching Wild Bean / Pod...
  Fetching buttery...
    Saved 15 records for buttery
Processing Group: Spices (31 items)
  Fetching Ajwan...
    Saved 5 records for Ajwan
  Fetching Asgand...
    Saved 3 records for Asgand
  Fetching Betelnuts...
  Fetching Black pepper...
    Saved 14 records for Black pepper
  Fetching Cardamoms...
    Saved 1 records for Cardamoms
  Fetching Chili Red...
    Saved 11 records for Chili Red
  Fetching Cinamon(Dalchini)...
    Saved 1 records for Cinamon(Dalchini)
  Fetching Cloves...
  Fetching Coca...
  Fetching Coconut...
    Saved 100 records for Coconut
  Fetching Corriander seed...
    Saved 24 records for Corriander seed
  Fetching Cummin Seed(Jeera)...
    Saved 27 records for Cummin Seed(Jeera)
  Fetching Dry Chillies...
    Saved 15 records for Dry Chillies
  Fetching Ginger Seed...
  Fetching Ginger(Dry)...
    Saved 8 records for Ginger(Dry)
  Fetching Kacholam...
  Fetching Large Cardamom...
  Fetching Mace...
  Fetching Methi Seeds...
    Saved 21 records for Methi Seeds
  Fetching Muskmelon Seeds...
  Fetching Nutmeg...
  Fetching Pepper garbled...
    Saved 1 records for Pepper garbled
  Fetching Pepper ungarbled...
  Fetching Rayee...
    Saved 1 records for Rayee
  Fetching Saffron...
  Fetching Soanf...
    Saved 7 records for Soanf
  Fetching Turmeric...
    Saved 13 records for Turmeric
  Fetching dried mango...
  Fetching mango powder...
  Fetching nigella...
    Saved 1 records for nigella
  Fetching poppy seeds...
    Saved 3 records for poppy seeds
Processing Group: Vegetables (128 items)
  Fetching Aloe Vera...
  Fetching Alsandikai...
    Saved 2 records for Alsandikai
  Fetching Amaranthus...
    Saved 100 records for Amaranthus
  Fetching Ambat Chuka...
  Fetching Amranthas Red...
    Saved 2 records for Amranthas Red
  Fetching Arrowroot...
  Fetching Ashgourd...
    Saved 100 records for Ashgourd
  Fetching Baby Corn...
  Fetching Bajji chilli...
  Fetching Balekai...
  Fetching Bamboo Shoot...
  Fetching Banana - Green...
    Saved 100 records for Banana - Green
  Fetching Banana Leaf...
  Fetching Banana flower...
  Fetching Banana stem...
  Fetching Beetroot...
    Saved 100 records for Beetroot
  Fetching Bhindi(Ladies Finger)...
    Saved 100 records for Bhindi(Ladies Finger)
  Fetching Binoula...
  Fetching Bitter gourd...
    Saved 100 records for Bitter gourd
  Fetching Bottle gourd...
    Saved 100 records for Bottle gourd
  Fetching Brinjal...
    Saved 100 records for Brinjal
  Fetching Brocoli...
  Fetching Cabbage...
    Saved 100 records for Cabbage
  Fetching Capsicum...
    Saved 100 records for Capsicum
  Fetching Carrot...
    Saved 100 records for Carrot
  Fetching Cauliflower...
    Saved 100 records for Cauliflower
  Fetching Chapparad Avare...
    Saved 1 records for Chapparad Avare
  Fetching Chhappan Kaddu...
  Fetching Chilly Capsicum...
    Saved 16 records for Chilly Capsicum
  Fetching Chow Chow...
    Saved 100 records for Chow Chow
  Fetching Cluster beans...
    Saved 100 records for Cluster beans
  Fetching Colacasia...
    Saved 99 records for Colacasia
  Fetching Coriander(Leaves)...
    Saved 100 records for Coriander(Leaves)
  Fetching Cowpea(Veg)...
    Saved 99 records for Cowpea(Veg)
  Fetching Cucumbar(Kheera)...
    Saved 100 records for Cucumbar(Kheera)
  Fetching Curry Leaf...
  Fetching Double Beans...
  Fetching Drumstick...
    Saved 100 records for Drumstick
  Fetching Duster Beans...
    Saved 3 records for Duster Beans
  Fetching Elephant Yam(Suran)/Amorphophallus...
    Saved 100 records for Elephant Yam(Suran)/Amorphophallus
  Fetching Field Bean(Anumulu)...
  Fetching Field Pea...
    Saved 14 records for Field Pea
  Fetching French Beans(Frasbean)...
    Saved 59 records for French Beans(Frasbean)
  Fetching Galgal(Lemon)...
    Saved 1 records for Galgal(Lemon)
  Fetching Garlic...
    Saved 100 records for Garlic
  Fetching Gherkin...
  Fetching Ghost Pepper(King Chilli)...
  Fetching Ginger(Green)...
    Saved 100 records for Ginger(Green)
  Fetching Goosefoot...
  Fetching Gram Raw(Chholia)...
    Saved 1 records for Gram Raw(Chholia)
  Fetching Green Avare(W)...
    Saved 100 records for Green Avare(W)
  Fetching Green Chilli...
    Saved 100 records for Green Chilli
  Fetching Groundnut pods(raw)...
    Saved 1 records for Groundnut pods(raw)
  Fetching Guar...
    Saved 35 records for Guar
  Fetching Indian Beans(Seam)...
    Saved 89 records for Indian Beans(Seam)
  Fetching Indian Colza(Sarson)...
    Saved 7 records for Indian Colza(Sarson)
  Fetching Jackfruit Seed...
  Fetching Jamamkhan...
  Fetching Kartali(Kantola)...
  Fetching Knool Khol...
    Saved 96 records for Knool Khol
  Fetching Ladies Finger...
    Saved 9 records for Ladies Finger
  Fetching Leafy Vegetable...
    Saved 8 records for Leafy Vegetable
  Fetching Leek...
  Fetching Lemon...
    Saved 100 records for Lemon
  Fetching Lesser Yam...
  Fetching Little gourd(Kundru)...
    Saved 22 records for Little gourd(Kundru)
  Fetching Long Melon(Kakri)...
    Saved 5 records for Long Melon(Kakri)
  Fetching Lotus Sticks...
    Saved 1 records for Lotus Sticks
  Fetching Mango(Raw-Ripe)...
    Saved 100 records for Mango(Raw-Ripe)
  Fetching Mashrooms...
    Saved 53 records for Mashrooms
  Fetching Meal Maker (Soya Chunks)...
  Fetching Methi(Leaves)...
    Saved 56 records for Methi(Leaves)
  Fetching Mint(Pudina)...
    Saved 100 records for Mint(Pudina)
  Fetching Onion...
    Saved 100 records for Onion
  Fetching Onion Green...
    Saved 100 records for Onion Green
  Fetching Other green and fresh vegetables...
    Saved 2 records for Other green and fresh vegetables
  Fetching Papaya(Raw)...
    Saved 15 records for Papaya(Raw)
  Fetching Peas Wet...
    Saved 87 records for Peas Wet
  Fetching Peas cod...
    Saved 25 records for Peas cod
  Fetching Pegeon Pea(Arhar Fali)...
    Saved 5 records for Pegeon Pea(Arhar Fali)
  Fetching Perandai...
  Fetching Phuee(Leafy Veg)...
  Fetching Pointed gourd(Parval)...
    Saved 5 records for Pointed gourd(Parval)
  Fetching Pokcha Leafy Veg...
  Fetching Potato...
    Saved 100 records for Potato
  Fetching Pumpkin...
    Saved 100 records for Pumpkin
  Fetching Purslane...
  Fetching Raddish...
    Saved 100 records for Raddish
  Fetching Rat Tail Radish(Mogari)...
    Saved 1 records for Rat Tail Radish(Mogari)
  Fetching Red Cabbage...
  Fetching Red Gourd...
  Fetching Ribbed Celery...
  Fetching Ridge Gourd(Permal/Hybrid Gourd)...
  Fetching Ridgeguard(Tori)...
    Saved 100 records for Ridgeguard(Tori)
  Fetching Round Chilli...
  Fetching Round gourd...
  Fetching Season Leaves...
    Saved 2 records for Season Leaves
  Fetching Seemebadnekai...
    Saved 5 records for Seemebadnekai
  Fetching Sem...
    Saved 1 records for Sem
  Fetching Siru Kizhagu...
  Fetching Snakeguard...
    Saved 100 records for Snakeguard
  Fetching Snow Mountain Garlic...
    Saved 1 records for Snow Mountain Garlic
  Fetching Spinach...
    Saved 84 records for Spinach
  Fetching Sponge gourd...
    Saved 7 records for Sponge gourd
  Fetching Squash(Chappal Kadoo)...
    Saved 15 records for Squash(Chappal Kadoo)
  Fetching Sugar Snap Peas...
  Fetching Sundaikai...
  Fetching Surat Beans(Papadi)...
    Saved 5 records for Surat Beans(Papadi)
  Fetching Suvarna Gadde...
    Saved 3 records for Suvarna Gadde
  Fetching Swan Phali(Flat Bean)...
  Fetching Sweet Potato...
    Saved 100 records for Sweet Potato
  Fetching Sweet Pumpkin...
    Saved 28 records for Sweet Pumpkin
  Fetching Sweet Saag...
    Saved 1 records for Sweet Saag
  Fetching Tapioca...
    Saved 100 records for Tapioca
  Fetching Taro (Arvi) Leaves...
  Fetching Taro (Arvi) Stem...
    Saved 1 records for Taro (Arvi) Stem
  Fetching Thogrikai...
  Fetching Thondekai...
    Saved 94 records for Thondekai
  Fetching Tinda...
    Saved 11 records for Tinda
  Fetching Tomato...
    Saved 100 records for Tomato
  Fetching Turmeric(raw)...
    Saved 4 records for Turmeric(raw)
  Fetching Turnip...
    Saved 38 records for Turnip
  Fetching White Pumpkin...
    Saved 1 records for White Pumpkin
  Fetching Wild Cucumber...
  Fetching Wild Garlic / Shoots...
  Fetching Wild Spinach...
  Fetching Yam Bean / Mexican Turnip(Bankla)...
  Fetching Yam(Ratalu)...
    Saved 97 records for Yam(Ratalu)
Processing Group: Others (52 items)
  Fetching Ajwain Husk...
  Fetching Bran...
  Fetching Broken Rice...
  Fetching Bunch Beans...
    Saved 3 records for Bunch Beans
  Fetching Camel Hair...
  Fetching Cashew Kernnel...
  Fetching Coconut Coir...
  Fetching Dhaincha...
    Saved 4 records for Dhaincha
  Fetching Dry Fodder...
    Saved 1 records for Dry Fodder
  Fetching Egypian Clover(Barseem)...
  Fetching Fig(Anjura/Anjeer)...
    Saved 3 records for Fig(Anjura/Anjeer)
  Fetching Flax seeds...
  Fetching Goat Hair...
  Fetching Gramflour...
  Fetching Green Fodder...
    Saved 1 records for Green Fodder
  Fetching Gur(Jaggery)...
    Saved 21 records for Gur(Jaggery)
  Fetching Haralekai...
  Fetching Hilsa...
  Fetching Honey...
  Fetching Jaggery...
    Saved 6 records for Jaggery
  Fetching Javi...
  Fetching Kharif Mash...
  Fetching Khoya...
  Fetching Kuchur...
  Fetching Ma.Inji...
  Fetching Mahedi...
    Saved 1 records for Mahedi
  Fetching Maida Atta...
    Saved 1 records for Maida Atta
  Fetching Maragensu...
  Fetching Mash...
  Fetching Millets...
  Fetching Nargasi...
  Fetching Polherb...
  Fetching Pundi...
  Fetching Rajgir...
    Saved 5 records for Rajgir
  Fetching Raw Biomass(Agro Residue)...
  Fetching Raya...
  Fetching Riccbcan...
  Fetching Rubber...
    Saved 3 records for Rubber
  Fetching Sabu Dan...
    Saved 1 records for Sabu Dan
  Fetching Sarasum...
  Fetching Seegu...
  Fetching Skin And Hide...
  Fetching Sompu...
  Fetching Sugar...
    Saved 2 records for Sugar
  Fetching Sugarcane...
  Fetching Suram...
  Fetching Tulasi...
  Fetching Water Plant(Kaseru)...
  Fetching Water chestnut...
    Saved 1 records for Water chestnut
  Fetching Wheat Atta...
    Saved 1 records for Wheat Atta
  Fetching Wool...
  Fetching Yam...
Finished fetch for 2026-02-06
  [eNAM] Starting...
Fetching eNAM data for 2026-02-06...
No data found or invalid response format.
  [Normalization] Starting...
[Normalizer] Starting Incremental Processing for 2026-02-06...
[Normalizer] Processing 8402 fresh records (8402 Agmark, 0 eNAM)
[Normalizer] Completed for 2026-02-06. Processed: 8402/8402 (100.0% yield)
--- Finished Date: 2026-02-06 ---
Global backfill completed.
